Archive member included to satisfy reference by file (symbol)

C:\Users\USER\Downloads\FakeLibraries\libLibraries.a(system_stm32f4xx.o)
                              ./Src/main.o (SystemCoreClockUpdate)
C:\Users\USER\Downloads\FakeLibraries\libLibraries.a(stm32f401re_gpio.o)
                              ./Src/main.o (GPIO_Init)
C:\Users\USER\Downloads\FakeLibraries\libLibraries.a(stm32f401re_i2c.o)
                              ./Src/main.o (I2C_Init)
C:\Users\USER\Downloads\FakeLibraries\libLibraries.a(stm32f401re_rcc.o)
                              C:\Users\USER\Downloads\FakeLibraries\libLibraries.a(stm32f401re_i2c.o) (RCC_GetClocksFreq)
C:\Users\USER\Downloads\FakeLibraries\libLibraries.a(timer.o)
                              ./Src/main.o (TimerInit)
C:\Users\USER\Downloads\FakeLibraries\libLibraries.a(temhumsensor.o)
                              ./Src/main.o (TemHumSensor_Init)
C:\Users\USER\Downloads\FakeLibraries\libLibraries.a(serial.o)
                              C:\Users\USER\Downloads\FakeLibraries\libLibraries.a(temhumsensor.o) (Serial_SendPacket)
C:\Users\USER\Downloads\FakeLibraries\libLibraries.a(Ucglib.o)
                              ./Src/main.o (Ucglib4WireSWSPI_begin)
C:\Users\USER\Downloads\FakeLibraries\libLibraries.a(ucg_box.o)
                              ./Src/main.o (ucg_ClearScreen)
C:\Users\USER\Downloads\FakeLibraries\libLibraries.a(ucg_ccs.o)
                              C:\Users\USER\Downloads\FakeLibraries\libLibraries.a(ucg_box.o) (ucg_ccs_init)
C:\Users\USER\Downloads\FakeLibraries\libLibraries.a(ucg_circle.o)
                              C:\Users\USER\Downloads\FakeLibraries\libLibraries.a(ucg_box.o) (ucg_DrawCircle)
C:\Users\USER\Downloads\FakeLibraries\libLibraries.a(ucg_dev_default_cb.o)
                              C:\Users\USER\Downloads\FakeLibraries\libLibraries.a(Ucglib.o) (ucg_dev_default_cb)
C:\Users\USER\Downloads\FakeLibraries\libLibraries.a(ucg_dev_ic_st7735.o)
                              C:\Users\USER\Downloads\FakeLibraries\libLibraries.a(Ucglib.o) (ucg_ext_st7735_18)
C:\Users\USER\Downloads\FakeLibraries\libLibraries.a(ucg_dev_msg_api.o)
                              C:\Users\USER\Downloads\FakeLibraries\libLibraries.a(ucg_box.o) (ucg_SetMaxClipRange)
C:\Users\USER\Downloads\FakeLibraries\libLibraries.a(ucg_dev_tft_128x128_st7735.o)
                              C:\Users\USER\Downloads\FakeLibraries\libLibraries.a(Ucglib.o) (ucg_dev_st7735_18x128x128)
C:\Users\USER\Downloads\FakeLibraries\libLibraries.a(ucg_font.o)
                              C:\Users\USER\Downloads\FakeLibraries\libLibraries.a(Ucglib.o) (ucg_SetFontMode)
C:\Users\USER\Downloads\FakeLibraries\libLibraries.a(ucg_init.o)
                              C:\Users\USER\Downloads\FakeLibraries\libLibraries.a(Ucglib.o) (ucg_Init)
C:\Users\USER\Downloads\FakeLibraries\libLibraries.a(ucg_line.o)
                              C:\Users\USER\Downloads\FakeLibraries\libLibraries.a(ucg_font.o) (ucg_Draw90Line)
C:\Users\USER\Downloads\FakeLibraries\libLibraries.a(ucg_pixel.o)
                              ./Src/main.o (ucg_SetColor)
C:\Users\USER\Downloads\FakeLibraries\libLibraries.a(ucg_pixel_font_data.o)
                              ./Src/main.o (ucg_font_ncenR12_hr)
C:\Users\USER\Downloads\FakeLibraries\libLibraries.a(ucg_rotate.o)
                              ./Src/main.o (ucg_SetRotate180)
C:\Users\USER\Downloads\FakeLibraries\libLibraries.a(misc.o)
                              C:\Users\USER\Downloads\FakeLibraries\libLibraries.a(serial.o) (NVIC_PriorityGroupConfig)
C:\Users\USER\Downloads\FakeLibraries\libLibraries.a(stm32f401re_usart.o)
                              C:\Users\USER\Downloads\FakeLibraries\libLibraries.a(serial.o) (USART_Init)
C:\Users\USER\Downloads\FakeLibraries\libLibraries.a(ucg_clip.o)
                              C:\Users\USER\Downloads\FakeLibraries\libLibraries.a(ucg_dev_ic_st7735.o) (ucg_clip_is_pixel_visible)
C:\Users\USER\Downloads\FakeLibraries\libLibraries.a(ucg_com_msg_api.o)
                              C:\Users\USER\Downloads\FakeLibraries\libLibraries.a(ucg_dev_ic_st7735.o) (ucg_com_PowerUp)
C:/ST/STM32CubeIDE_1.14.1/STM32CubeIDE/plugins/com.st.stm32cube.ide.mcu.externaltools.gnu-tools-for-stm32.11.3.rel1.win32_1.1.100.202309141235/tools/bin/../lib/gcc/arm-none-eabi/11.3.1/../../../../arm-none-eabi/lib/thumb/v7e-m+fp/hard\libc_nano.a(libc_a-exit.o)
                              C:/ST/STM32CubeIDE_1.14.1/STM32CubeIDE/plugins/com.st.stm32cube.ide.mcu.externaltools.gnu-tools-for-stm32.11.3.rel1.win32_1.1.100.202309141235/tools/bin/../lib/gcc/arm-none-eabi/11.3.1/../../../../arm-none-eabi/lib/thumb/v7e-m+fp/hard/crt0.o (exit)
C:/ST/STM32CubeIDE_1.14.1/STM32CubeIDE/plugins/com.st.stm32cube.ide.mcu.externaltools.gnu-tools-for-stm32.11.3.rel1.win32_1.1.100.202309141235/tools/bin/../lib/gcc/arm-none-eabi/11.3.1/../../../../arm-none-eabi/lib/thumb/v7e-m+fp/hard\libc_nano.a(libc_a-findfp.o)
[...]
Memory Configuration

Name             Origin             Length             Attributes
RAM              0x0000000020000000 0x0000000000018000 xrw
FLASH            0x0000000008000000 0x0000000000080000 xr
*default*        0x0000000000000000 0xffffffffffffffff

Linker script and memory map

LOAD C:/ST/STM32CubeIDE_1.14.1/STM32CubeIDE/plugins/com.st.stm32cube.ide.mcu.externaltools.gnu-tools-for-stm32.11.3.rel1.win32_1.1.100.202309141235/tools/bin/../lib/gcc/arm-none-eabi/11.3.1/thumb/v7e-m+fp/hard/crti.o
LOAD C:/ST/STM32CubeIDE_1.14.1/STM32CubeIDE/plugins/com.st.stm32cube.ide.mcu.externaltools.gnu-tools-for-stm32.11.3.rel1.win32_1.1.100.202309141235/tools/bin/../lib/gcc/arm-none-eabi/11.3.1/thumb/v7e-m+fp/hard/crtbegin.o
LOAD C:/ST/STM32CubeIDE_1.14.1/STM32CubeIDE/plugins/com.st.stm32cube.ide.mcu.externaltools.gnu-tools-for-stm32.11.3.rel1.win32_1.1.100.202309141235/tools/bin/../lib/gcc/arm-none-eabi/11.3.1/../../../../arm-none-eabi/lib/thumb/v7e-m+fp/hard/crt0.o
LOAD ./FakeLibraries/buff.o
LOAD ./FakeLibraries/utilities.o
LOAD ./Src/main.o
LOAD ./Src/syscalls.o
LOAD ./Src/sysmem.o
LOAD ./Startup/startup_stm32f401retx.o
LOAD C:\Users\USER\Downloads\FakeLibraries\libLibraries.a
START GROUP
LOAD C:/ST/STM32CubeIDE_1.14.1/STM32CubeIDE/plugins/com.st.stm32cube.ide.mcu.externaltools.gnu-tools-for-stm32.11.3.rel1.win32_1.1.100.202309141235/tools/bin/../lib/gcc/arm-none-eabi/11.3.1/../../../../arm-none-eabi/lib/thumb/v7e-m+fp/hard\libc_nano.a
LOAD C:/ST/STM32CubeIDE_1.14.1/STM32CubeIDE/plugins/com.st.stm32cube.ide.mcu.externaltools.gnu-tools-for-stm32.11.3.rel1.win32_1.1.100.202309141235/tools/bin/../lib/gcc/arm-none-eabi/11.3.1/../../../../arm-none-eabi/lib/thumb/v7e-m+fp/hard\libm.a
END GROUP
START GROUP
LOAD C:/ST/STM32CubeIDE_1.14.1/STM32CubeIDE/plugins/com.st.stm32cube.ide.mcu.externaltools.gnu-tools-for-stm32.11.3.rel1.win32_1.1.100.202309141235/tools/bin/../lib/gcc/arm-none-eabi/11.3.1/thumb/v7e-m+fp/hard\libgcc.a
LOAD C:/ST/STM32CubeIDE_1.14.1/STM32CubeIDE/plugins/com.st.stm32cube.ide.mcu.externaltools.gnu-tools-for-stm32.11.3.rel1.win32_1.1.100.202309141235/tools/bin/../lib/gcc/arm-none-eabi/11.3.1/../../../../arm-none-eabi/lib/thumb/v7e-m+fp/hard\libc_nano.a
END GROUP
START GROUP
LOAD C:/ST/STM32CubeIDE_1.14.1/STM32CubeIDE/plugins/com.st.stm32cube.ide.mcu.externaltools.gnu-tools-for-stm32.11.3.rel1.win32_1.1.100.202309141235/tools/bin/../lib/gcc/arm-none-eabi/11.3.1/thumb/v7e-m+fp/hard\libgcc.a
LOAD C:/ST/STM32CubeIDE_1.14.1/STM32CubeIDE/plugins/com.st.stm32cube.ide.mcu.externaltools.gnu-tools-for-stm32.11.3.rel1.win32_1.1.100.202309141235/tools/bin/../lib/gcc/arm-none-eabi/11.3.1/../../../../arm-none-eabi/lib/thumb/v7e-m+fp/hard\libc_nano.a
LOAD C:/ST/STM32CubeIDE_1.14.1/STM32CubeIDE/plugins/com.st.stm32cube.ide.mcu.externaltools.gnu-tools-for-stm32.11.3.rel1.win32_1.1.100.202309141235/tools/bin/../lib/gcc/arm-none-eabi/11.3.1/../../../../arm-none-eabi/lib/thumb/v7e-m+fp/hard\libnosys.a
END GROUP
START GROUP
LOAD C:/ST/STM32CubeIDE_1.14.1/STM32CubeIDE/plugins/com.st.stm32cube.ide.mcu.externaltools.gnu-tools-for-stm32.11.3.rel1.win32_1.1.100.202309141235/tools/bin/../lib/gcc/arm-none-eabi/11.3.1/thumb/v7e-m+fp/hard\libgcc.a
LOAD C:/ST/STM32CubeIDE_1.14.1/STM32CubeIDE/plugins/com.st.stm32cube.ide.mcu.externaltools.gnu-tools-for-stm32.11.3.rel1.win32_1.1.100.202309141235/tools/bin/../lib/gcc/arm-none-eabi/11.3.1/../../../../arm-none-eabi/lib/thumb/v7e-m+fp/hard\libc_nano.a
LOAD C:/ST/STM32CubeIDE_1.14.1/STM32CubeIDE/plugins/com.st.stm32cube.ide.mcu.externaltools.gnu-tools-for-stm32.11.3.rel1.win32_1.1.100.202309141235/tools/bin/../lib/gcc/arm-none-eabi/11.3.1/../../../../arm-none-eabi/lib/thumb/v7e-m+fp/hard\libnosys.a
END GROUP
LOAD C:/ST/STM32CubeIDE_1.14.1/STM32CubeIDE/plugins/com.st.stm32cube.ide.mcu.externaltools.gnu-tools-for-stm32.11.3.rel1.win32_1.1.100.202309141235/tools/bin/../lib/gcc/arm-none-eabi/11.3.1/thumb/v7e-m+fp/hard/crtend.o
LOAD C:/ST/STM32CubeIDE_1.14.1/STM32CubeIDE/plugins/com.st.stm32cube.ide.mcu.externaltools.gnu-tools-for-stm32.11.3.rel1.win32_1.1.100.202309141235/tools/bin/../lib/gcc/arm-none-eabi/11.3.1/thumb/v7e-m+fp/hard/crtn.o
                0x0000000020018000                _estack = (ORIGIN (RAM) + LENGTH (RAM))
                0x0000000000000200                _Min_Heap_Size = 0x200
                0x0000000000000400                _Min_Stack_Size = 0x400

.isr_vector     0x0000000008000000      0x194
                0x0000000008000000                . = ALIGN (0x4)
 *(.isr_vector)
 .isr_vector    0x0000000008000000      0x194 ./Startup/startup_stm32f401retx.o
                0x0000000008000000                g_pfnVectors
                0x0000000008000194                . = ALIGN (0x4)

.text           0x00000000080001a0     0x4908
                0x00000000080001a0                . = ALIGN (0x4)
 *(.text)
 .text          0x00000000080001a0       0x40 C:/ST/STM32CubeIDE_1.14.1/STM32CubeIDE/plugins/com.st.stm32cube.ide.mcu.externaltools.gnu-tools-for-stm32.11.3.rel1.win32_1.1.100.202309141235/tools/bin/../lib/gcc/arm-none-eabi/11.3.1/thumb/v7e-m+fp/hard/crtbegin.o
 .text          0x00000000080001e0       0xa0 C:/ST/STM32CubeIDE_1.14.1/STM32CubeIDE/plugins/com.st.stm32cube.ide.mcu.externaltools.gnu-tools-for-stm32.11.3.rel1.win32_1.1.100.202309141235/tools/bin/../lib/gcc/arm-none-eabi/11.3.1/../../../../arm-none-eabi/lib/thumb/v7e-m+fp/hard\libc_nano.a(libc_a-memchr.o)
                0x00000000080001e0                memchr
 *(.text*)
 .text.bufInit  0x0000000008000280       0x36 ./FakeLibraries/buff.o
                0x0000000008000280                bufInit
 .text.bufNumItems
                0x00000000080002b6       0x18 ./FakeLibraries/buff.o
                0x00000000080002b6                bufNumItems
 .text.bufIsFull
                0x00000000080002ce       0x26 ./FakeLibraries/buff.o
                0x00000000080002ce                bufIsFull
 .text.bufIsEmpty
                0x00000000080002f4       0x26 ./FakeLibraries/buff.o
                0x00000000080002f4                bufIsEmpty
 .text.bufFlush
                0x000000000800031a       0x32 ./FakeLibraries/buff.o
                0x000000000800031a                bufFlush
 .text.bufEnDat
                0x000000000800034c       0xa0 ./FakeLibraries/buff.o
                0x000000000800034c                bufEnDat
 .text.bufDeDat
                0x00000000080003ec       0x8a ./FakeLibraries/buff.o
                0x00000000080003ec                bufDeDat
 .text.memsetl  0x0000000008000476       0x34 ./FakeLibraries/utilities.o
                0x0000000008000476                memsetl
 *fill*         0x00000000080004aa        0x2 
 .text.delay    0x00000000080004ac       0x2c ./Src/main.o
                0x00000000080004ac                delay
 .text.Led_init
                0x00000000080004d8       0x38 ./Src/main.o
 .text.Button_init
                0x0000000008000510       0x38 ./Src/main.o
 .text.LedControl_SetStatus
                0x0000000008000548       0x34 ./Src/main.o
 .text.ButtonRead_Status
                0x000000000800057c       0x34 ./Src/main.o
 .text.main     0x00000000080005b0       0x8c ./Src/main.o
                0x00000000080005b0                main
 .text.delay_ms
                0x000000000800063c       0x30 ./Src/main.o
                0x000000000800063c                delay_ms
 .text.CalculatorTime
                0x000000000800066c       0x34 ./Src/main.o
                0x000000000800066c                CalculatorTime
 .text.AppCommon
                0x00000000080006a0       0x7c ./Src/main.o
 .text.SPI1_Init
                0x000000000800071c       0x60 ./Src/main.o
 .text.I2C_Init_temphumi
                0x000000000800077c       0x94 ./Src/main.o
 .text.I2C_start
                0x0000000008000810       0x3c ./Src/main.o
                0x0000000008000810                I2C_start
 .text.I2C_address_direction
                0x000000000800084c       0x60 ./Src/main.o
                0x000000000800084c                I2C_address_direction
 .text.I2C_transmit
                0x00000000080008ac       0x38 ./Src/main.o
                0x00000000080008ac                I2C_transmit
 .text.I2C_stop
                0x00000000080008e4       0x14 ./Src/main.o
                0x00000000080008e4                I2C_stop
 .text.I2C_receive_nack
                0x00000000080008f8       0x30 ./Src/main.o
                0x00000000080008f8                I2C_receive_nack
 .text.I2C_receive_ack
                0x0000000008000928       0x30 ./Src/main.o
                0x0000000008000928                I2C_receive_ack
 .text.TemHumSensor_readRegister
                0x0000000008000958       0xba ./Src/main.o
 *fill*         0x0000000008000a12        0x2 
 .text.GetTemp_Sensor
                0x0000000008000a14       0x64 ./Src/main.o
                0x0000000008000a14                GetTemp_Sensor
 .text.GetHumi_Sensor
                0x0000000008000a78       0x64 ./Src/main.o
                0x0000000008000a78                GetHumi_Sensor
 .text.processGetValueSensor
                0x0000000008000adc      0x1a4 ./Src/main.o
                0x0000000008000adc                processGetValueSensor
 .text.Scan_SensorLCD
                0x0000000008000c80       0x8c ./Src/main.o
                0x0000000008000c80                Scan_SensorLCD
 .text.Scan_TimeSensor
                0x0000000008000d0c       0x48 ./Src/main.o
                0x0000000008000d0c                Scan_TimeSensor
 .text._sbrk    0x0000000008000d54       0x6c ./Src/sysmem.o
                0x0000000008000d54                _sbrk
 .text.Reset_Handler
                0x0000000008000dc0       0x50 ./Startup/startup_stm32f401retx.o
                0x0000000008000dc0                Reset_Handler
 .text.Default_Handler
                0x0000000008000e10        0x2 ./Startup/startup_stm32f401retx.o
                0x0000000008000e10                EXTI2_IRQHandler
                0x0000000008000e10                DebugMon_Handler
                0x0000000008000e10                SPI4_IRQHandler
                0x0000000008000e10                TIM1_CC_IRQHandler
                0x0000000008000e10                DMA2_Stream5_IRQHandler
                0x0000000008000e10                HardFault_Handler
                0x0000000008000e10                DMA1_Stream5_IRQHandler
                0x0000000008000e10                SDIO_IRQHandler
                0x0000000008000e10                TAMP_STAMP_IRQHandler
                0x0000000008000e10                PendSV_Handler
                0x0000000008000e10                NMI_Handler
                0x0000000008000e10                EXTI3_IRQHandler
                0x0000000008000e10                TIM1_UP_TIM10_IRQHandler
                0x0000000008000e10                I2C3_ER_IRQHandler
                0x0000000008000e10                EXTI18_OTG_FS_WKUP_IRQHandler
                0x0000000008000e10                EXTI0_IRQHandler
                0x0000000008000e10                I2C2_EV_IRQHandler
                0x0000000008000e10                DMA1_Stream2_IRQHandler
                0x0000000008000e10                UsageFault_Handler
                0x0000000008000e10                DMA2_Stream2_IRQHandler
                0x0000000008000e10                SPI1_IRQHandler
                0x0000000008000e10                TIM1_BRK_TIM9_IRQHandler
                0x0000000008000e10                DMA2_Stream3_IRQHandler
                0x0000000008000e10                USART6_IRQHandler
                0x0000000008000e10                DMA2_Stream0_IRQHandler
                0x0000000008000e10                TIM4_IRQHandler
                0x0000000008000e10                I2C1_EV_IRQHandler
                0x0000000008000e10                DMA1_Stream6_IRQHandler
                0x0000000008000e10                DMA1_Stream1_IRQHandler
                0x0000000008000e10                TIM3_IRQHandler
                0x0000000008000e10                RCC_IRQHandler
                0x0000000008000e10                Default_Handler
                0x0000000008000e10                EXTI15_10_IRQHandler
                0x0000000008000e10                ADC_IRQHandler
                0x0000000008000e10                DMA1_Stream7_IRQHandler
                0x0000000008000e10                TIM5_IRQHandler
                0x0000000008000e10                DMA2_Stream7_IRQHandler
                0x0000000008000e10                I2C3_EV_IRQHandler
                0x0000000008000e10                EXTI9_5_IRQHandler
                0x0000000008000e10                SPI2_IRQHandler
                0x0000000008000e10                MemManage_Handler
                0x0000000008000e10                DMA1_Stream0_IRQHandler
                0x0000000008000e10                SVC_Handler
                0x0000000008000e10                EXTI4_IRQHandler
                0x0000000008000e10                EXTI22_RTC_WKUP_IRQHandler
                0x0000000008000e10                TIM2_IRQHandler
                0x0000000008000e10                EXTI16_PVD_IRQHandler
                0x0000000008000e10                TIM1_TRG_COM_TIM11_IRQHandler
                0x0000000008000e10                EXTI1_IRQHandler
                0x0000000008000e10                EXTI17_RTC_Alarm_IRQHandler
                0x0000000008000e10                I2C2_ER_IRQHandler
                0x0000000008000e10                DMA2_Stream1_IRQHandler
                0x0000000008000e10                FLASH_IRQHandler
                0x0000000008000e10                DMA2_Stream4_IRQHandler
                0x0000000008000e10                BusFault_Handler
                0x0000000008000e10                USART1_IRQHandler
                0x0000000008000e10                OTG_FS_IRQHandler
                0x0000000008000e10                SPI3_IRQHandler
                0x0000000008000e10                DMA1_Stream4_IRQHandler
                0x0000000008000e10                I2C1_ER_IRQHandler
                0x0000000008000e10                DMA2_Stream6_IRQHandler
                0x0000000008000e10                DMA1_Stream3_IRQHandler
 *fill*         0x0000000008000e12        0x2 
 .text.SystemInit
                0x0000000008000e14       0x6c C:\Users\USER\Downloads\FakeLibraries\libLibraries.a(system_stm32f4xx.o)
                0x0000000008000e14                SystemInit
 .text.SystemCoreClockUpdate
                0x0000000008000e80       0xf8 C:\Users\USER\Downloads\FakeLibraries\libLibraries.a(system_stm32f4xx.o)
                0x0000000008000e80                SystemCoreClockUpdate
 .text.SetSysClock
                0x0000000008000f78       0xa0 C:\Users\USER\Downloads\FakeLibraries\libLibraries.a(system_stm32f4xx.o)
 .text.GPIO_Init
                0x0000000008001018      0x11c C:\Users\USER\Downloads\FakeLibraries\libLibraries.a(stm32f401re_gpio.o)
                0x0000000008001018                GPIO_Init
 .text.GPIO_WriteBit
                0x0000000008001134       0x30 C:\Users\USER\Downloads\FakeLibraries\libLibraries.a(stm32f401re_gpio.o)
                0x0000000008001134                GPIO_WriteBit
 .text.GPIO_PinAFConfig
                0x0000000008001164       0x92 C:\Users\USER\Downloads\FakeLibraries\libLibraries.a(stm32f401re_gpio.o)
                0x0000000008001164                GPIO_PinAFConfig
 *fill*         0x00000000080011f6        0x2 
 .text.I2C_Init
                0x00000000080011f8      0x184 C:\Users\USER\Downloads\FakeLibraries\libLibraries.a(stm32f401re_i2c.o)
                0x00000000080011f8                I2C_Init
 .text.I2C_Cmd  0x000000000800137c       0x40 C:\Users\USER\Downloads\FakeLibraries\libLibraries.a(stm32f401re_i2c.o)
                0x000000000800137c                I2C_Cmd
 .text.I2C_GenerateSTART
                0x00000000080013bc       0x40 C:\Users\USER\Downloads\FakeLibraries\libLibraries.a(stm32f401re_i2c.o)
                0x00000000080013bc                I2C_GenerateSTART
 .text.I2C_GenerateSTOP
                0x00000000080013fc       0x40 C:\Users\USER\Downloads\FakeLibraries\libLibraries.a(stm32f401re_i2c.o)
                0x00000000080013fc                I2C_GenerateSTOP
 .text.I2C_Send7bitAddress
                0x000000000800143c       0x3c C:\Users\USER\Downloads\FakeLibraries\libLibraries.a(stm32f401re_i2c.o)
                0x000000000800143c                I2C_Send7bitAddress
 .text.I2C_AcknowledgeConfig
                0x0000000008001478       0x40 C:\Users\USER\Downloads\FakeLibraries\libLibraries.a(stm32f401re_i2c.o)
                0x0000000008001478                I2C_AcknowledgeConfig
 .text.I2C_SendData
                0x00000000080014b8       0x20 C:\Users\USER\Downloads\FakeLibraries\libLibraries.a(stm32f401re_i2c.o)
                0x00000000080014b8                I2C_SendData
 .text.I2C_ReceiveData
                0x00000000080014d8       0x1c C:\Users\USER\Downloads\FakeLibraries\libLibraries.a(stm32f401re_i2c.o)
                0x00000000080014d8                I2C_ReceiveData
 .text.I2C_CheckEvent
                0x00000000080014f4       0x60 C:\Users\USER\Downloads\FakeLibraries\libLibraries.a(stm32f401re_i2c.o)
                0x00000000080014f4                I2C_CheckEvent
 .text.I2C_GetFlagStatus
                0x0000000008001554       0x66 C:\Users\USER\Downloads\FakeLibraries\libLibraries.a(stm32f401re_i2c.o)
                0x0000000008001554                I2C_GetFlagStatus
 *fill*         0x00000000080015ba        0x2 
 .text.RCC_GetClocksFreq
                0x00000000080015bc      0x150 C:\Users\USER\Downloads\FakeLibraries\libLibraries.a(stm32f401re_rcc.o)
                0x00000000080015bc                RCC_GetClocksFreq
 .text.RCC_AHB1PeriphClockCmd
                0x000000000800170c       0x40 C:\Users\USER\Downloads\FakeLibraries\libLibraries.a(stm32f401re_rcc.o)
                0x000000000800170c                RCC_AHB1PeriphClockCmd
 .text.RCC_APB1PeriphClockCmd
                0x000000000800174c       0x40 C:\Users\USER\Downloads\FakeLibraries\libLibraries.a(stm32f401re_rcc.o)
                0x000000000800174c                RCC_APB1PeriphClockCmd
 .text.NVIC_SetPriority
                0x000000000800178c       0x54 C:\Users\USER\Downloads\FakeLibraries\libLibraries.a(timer.o)
 .text.SysTick_Config
                0x00000000080017e0       0x44 C:\Users\USER\Downloads\FakeLibraries\libLibraries.a(timer.o)
 .text.TimerInit
                0x0000000008001824       0x44 C:\Users\USER\Downloads\FakeLibraries\libLibraries.a(timer.o)
                0x0000000008001824                TimerInit
 .text.TimerStart
                0x0000000008001868       0xc4 C:\Users\USER\Downloads\FakeLibraries\libLibraries.a(timer.o)
                0x0000000008001868                TimerStart
 .text.TimerStop
                0x000000000800192c       0xa0 C:\Users\USER\Downloads\FakeLibraries\libLibraries.a(timer.o)
                0x000000000800192c                TimerStop
 .text.GetMilSecTick
                0x00000000080019cc       0x18 C:\Users\USER\Downloads\FakeLibraries\libLibraries.a(timer.o)
                0x00000000080019cc                GetMilSecTick
 .text.processTimerScheduler
                0x00000000080019e4       0xf0 C:\Users\USER\Downloads\FakeLibraries\libLibraries.a(timer.o)
                0x00000000080019e4                processTimerScheduler
 .text.TimeExpired
                0x0000000008001ad4       0xcc C:\Users\USER\Downloads\FakeLibraries\libLibraries.a(timer.o)
 .text.SysTick_Handler
                0x0000000008001ba0       0x1c C:\Users\USER\Downloads\FakeLibraries\libLibraries.a(timer.o)
                0x0000000008001ba0                SysTick_Handler
 .text.TemHumSensor_Init
                0x0000000008001bbc        0xc C:\Users\USER\Downloads\FakeLibraries\libLibraries.a(temhumsensor.o)
                0x0000000008001bbc                TemHumSensor_Init
 .text.i2c_config
                0x0000000008001bc8       0x94 C:\Users\USER\Downloads\FakeLibraries\libLibraries.a(temhumsensor.o)
                0x0000000008001bc8                i2c_config
 .text.USART2_IRQHandler
                0x0000000008001c5c       0x50 C:\Users\USER\Downloads\FakeLibraries\libLibraries.a(serial.o)
                0x0000000008001c5c                USART2_IRQHandler
 .text.delayMicroseconds
                0x0000000008001cac       0x14 C:\Users\USER\Downloads\FakeLibraries\libLibraries.a(Ucglib.o)
 .text.ucg_gpio_init
                0x0000000008001cc0       0x60 C:\Users\USER\Downloads\FakeLibraries\libLibraries.a(Ucglib.o)
 .text.ucg_com_arduino_send_generic_SW_SPI
                0x0000000008001d20       0x74 C:\Users\USER\Downloads\FakeLibraries\libLibraries.a(Ucglib.o)
 .text.ucg_com_arduino_generic_SW_SPI
                0x0000000008001d94      0x1ec C:\Users\USER\Downloads\FakeLibraries\libLibraries.a(Ucglib.o)
 .text.Ucglib4WireSWSPI_begin
                0x0000000008001f80       0x38 C:\Users\USER\Downloads\FakeLibraries\libLibraries.a(Ucglib.o)
                0x0000000008001f80                Ucglib4WireSWSPI_begin
 .text.ucg_DrawBox
                0x0000000008001fb8       0x56 C:\Users\USER\Downloads\FakeLibraries\libLibraries.a(ucg_box.o)
                0x0000000008001fb8                ucg_DrawBox
 .text.ucg_ClearScreen
                0x000000000800200e       0x50 C:\Users\USER\Downloads\FakeLibraries\libLibraries.a(ucg_box.o)
                0x000000000800200e                ucg_ClearScreen
 .text.ucg_ccs_init
                0x000000000800205e       0xc0 C:\Users\USER\Downloads\FakeLibraries\libLibraries.a(ucg_ccs.o)
                0x000000000800205e                ucg_ccs_init
 .text.ucg_ccs_step
                0x000000000800211e       0x80 C:\Users\USER\Downloads\FakeLibraries\libLibraries.a(ucg_ccs.o)
                0x000000000800211e                ucg_ccs_step
 .text.ucg_ccs_seek
                0x000000000800219e       0xca C:\Users\USER\Downloads\FakeLibraries\libLibraries.a(ucg_ccs.o)
                0x000000000800219e                ucg_ccs_seek
 .text.ucg_dev_default_cb
                0x0000000008002268       0x44 C:\Users\USER\Downloads\FakeLibraries\libLibraries.a(ucg_dev_default_cb.o)
                0x0000000008002268                ucg_dev_default_cb
 .text.ucg_ext_none
                0x00000000080022ac       0x1c C:\Users\USER\Downloads\FakeLibraries\libLibraries.a(ucg_dev_default_cb.o)
                0x00000000080022ac                ucg_ext_none
 .text.ucg_handle_st7735_l90fx
                0x00000000080022c8       0xd8 C:\Users\USER\Downloads\FakeLibraries\libLibraries.a(ucg_dev_ic_st7735.o)
                0x00000000080022c8                ucg_handle_st7735_l90fx
 .text.ucg_handle_st7735_l90se
                0x00000000080023a0      0x154 C:\Users\USER\Downloads\FakeLibraries\libLibraries.a(ucg_dev_ic_st7735.o)
                0x00000000080023a0                ucg_handle_st7735_l90se
 .text.ucg_dev_ic_st7735_18
                0x00000000080024f4       0xf8 C:\Users\USER\Downloads\FakeLibraries\libLibraries.a(ucg_dev_ic_st7735.o)
                0x00000000080024f4                ucg_dev_ic_st7735_18
 .text.ucg_ext_st7735_18
                0x00000000080025ec       0x28 C:\Users\USER\Downloads\FakeLibraries\libLibraries.a(ucg_dev_ic_st7735.o)
                0x00000000080025ec                ucg_ext_st7735_18
 .text.ucg_PowerDown
                0x0000000008002614       0x34 C:\Users\USER\Downloads\FakeLibraries\libLibraries.a(ucg_dev_msg_api.o)
                0x0000000008002614                ucg_PowerDown
 .text.ucg_PowerUp
                0x0000000008002648       0x3c C:\Users\USER\Downloads\FakeLibraries\libLibraries.a(ucg_dev_msg_api.o)
                0x0000000008002648                ucg_PowerUp
 .text.ucg_SetClipBox
                0x0000000008002684       0x1e C:\Users\USER\Downloads\FakeLibraries\libLibraries.a(ucg_dev_msg_api.o)
                0x0000000008002684                ucg_SetClipBox
 .text.ucg_SetMaxClipRange
                0x00000000080026a2       0x30 C:\Users\USER\Downloads\FakeLibraries\libLibraries.a(ucg_dev_msg_api.o)
                0x00000000080026a2                ucg_SetMaxClipRange
 .text.ucg_GetDimension
                0x00000000080026d2       0x24 C:\Users\USER\Downloads\FakeLibraries\libLibraries.a(ucg_dev_msg_api.o)
                0x00000000080026d2                ucg_GetDimension
 .text.ucg_DrawL90FXWithArg
                0x00000000080026f6       0x1e C:\Users\USER\Downloads\FakeLibraries\libLibraries.a(ucg_dev_msg_api.o)
                0x00000000080026f6                ucg_DrawL90FXWithArg
 .text.ucg_dev_st7735_18x128x128
                0x0000000008002714       0x80 C:\Users\USER\Downloads\FakeLibraries\libLibraries.a(ucg_dev_tft_128x128_st7735.o)
                0x0000000008002714                ucg_dev_st7735_18x128x128
 .text.ucg_font_get_byte
                0x0000000008002794       0x24 C:\Users\USER\Downloads\FakeLibraries\libLibraries.a(ucg_font.o)
 .text.ucg_font_get_word
                0x00000000080027b8       0x40 C:\Users\USER\Downloads\FakeLibraries\libLibraries.a(ucg_font.o)
 .text.ucg_read_font_info
                0x00000000080027f8      0x142 C:\Users\USER\Downloads\FakeLibraries\libLibraries.a(ucg_font.o)
                0x00000000080027f8                ucg_read_font_info
 .text.ucg_font_decode_get_unsigned_bits
                0x000000000800293a       0x96 C:\Users\USER\Downloads\FakeLibraries\libLibraries.a(ucg_font.o)
                0x000000000800293a                ucg_font_decode_get_unsigned_bits
 .text.ucg_font_decode_get_signed_bits
                0x00000000080029d0       0x46 C:\Users\USER\Downloads\FakeLibraries\libLibraries.a(ucg_font.o)
                0x00000000080029d0                ucg_font_decode_get_signed_bits
 .text.ucg_add_vector_y
                0x0000000008002a16       0x7a C:\Users\USER\Downloads\FakeLibraries\libLibraries.a(ucg_font.o)
 .text.ucg_add_vector_x
                0x0000000008002a90       0x7a C:\Users\USER\Downloads\FakeLibraries\libLibraries.a(ucg_font.o)
 .text.ucg_font_decode_len
                0x0000000008002b0a      0x118 C:\Users\USER\Downloads\FakeLibraries\libLibraries.a(ucg_font.o)
                0x0000000008002b0a                ucg_font_decode_len
 .text.ucg_font_setup_decode
                0x0000000008002c22       0x64 C:\Users\USER\Downloads\FakeLibraries\libLibraries.a(ucg_font.o)
 .text.ucg_font_decode_glyph
                0x0000000008002c86      0x14c C:\Users\USER\Downloads\FakeLibraries\libLibraries.a(ucg_font.o)
                0x0000000008002c86                ucg_font_decode_glyph
 .text.ucg_font_get_glyph_data
                0x0000000008002dd2       0x7a C:\Users\USER\Downloads\FakeLibraries\libLibraries.a(ucg_font.o)
                0x0000000008002dd2                ucg_font_get_glyph_data
 .text.ucg_font_draw_glyph
                0x0000000008002e4c       0x62 C:\Users\USER\Downloads\FakeLibraries\libLibraries.a(ucg_font.o)
                0x0000000008002e4c                ucg_font_draw_glyph
 .text.ucg_SetFontMode
                0x0000000008002eae       0x20 C:\Users\USER\Downloads\FakeLibraries\libLibraries.a(ucg_font.o)
                0x0000000008002eae                ucg_SetFontMode
 *fill*         0x0000000008002ece        0x2 
 .text.ucg_DrawGlyph
                0x0000000008002ed0       0xb0 C:\Users\USER\Downloads\FakeLibraries\libLibraries.a(ucg_font.o)
                0x0000000008002ed0                ucg_DrawGlyph
 .text.task_drawString
                0x0000000008002f80      0x138 C:\Users\USER\Downloads\FakeLibraries\libLibraries.a(ucg_font.o)
                0x0000000008002f80                task_drawString
 .text.ucg_DrawString
                0x00000000080030b8       0x78 C:\Users\USER\Downloads\FakeLibraries\libLibraries.a(ucg_font.o)
                0x00000000080030b8                ucg_DrawString
 .text.ucg_UpdateRefHeight
                0x0000000008003130       0xd8 C:\Users\USER\Downloads\FakeLibraries\libLibraries.a(ucg_font.o)
                0x0000000008003130                ucg_UpdateRefHeight
 .text.ucg_font_calc_vref_font
                0x0000000008003208       0x16 C:\Users\USER\Downloads\FakeLibraries\libLibraries.a(ucg_font.o)
                0x0000000008003208                ucg_font_calc_vref_font
 *fill*         0x000000000800321e        0x2 
 .text.ucg_SetFontPosBaseline
                0x0000000008003220       0x20 C:\Users\USER\Downloads\FakeLibraries\libLibraries.a(ucg_font.o)
                0x0000000008003220                ucg_SetFontPosBaseline
 .text.ucg_SetFont
                0x0000000008003240       0x4c C:\Users\USER\Downloads\FakeLibraries\libLibraries.a(ucg_font.o)
                0x0000000008003240                ucg_SetFont
 .text.ucg_init_struct
                0x000000000800328c       0x50 C:\Users\USER\Downloads\FakeLibraries\libLibraries.a(ucg_init.o)
                0x000000000800328c                ucg_init_struct
 .text.ucg_Init
                0x00000000080032dc       0x5c C:\Users\USER\Downloads\FakeLibraries\libLibraries.a(ucg_init.o)
                0x00000000080032dc                ucg_Init
 .text.ucg_Draw90Line
                0x0000000008003338       0x88 C:\Users\USER\Downloads\FakeLibraries\libLibraries.a(ucg_line.o)
                0x0000000008003338                ucg_Draw90Line
 .text.ucg_DrawHLine
                0x00000000080033c0       0x3e C:\Users\USER\Downloads\FakeLibraries\libLibraries.a(ucg_line.o)
                0x00000000080033c0                ucg_DrawHLine
 .text.ucg_SetColor
                0x00000000080033fe       0x5c C:\Users\USER\Downloads\FakeLibraries\libLibraries.a(ucg_pixel.o)
                0x00000000080033fe                ucg_SetColor
 .text.ucg_UndoRotate
                0x000000000800345a       0x32 C:\Users\USER\Downloads\FakeLibraries\libLibraries.a(ucg_rotate.o)
                0x000000000800345a                ucg_UndoRotate
 .text.ucg_rotate_180_xy
                0x000000000800348c       0x66 C:\Users\USER\Downloads\FakeLibraries\libLibraries.a(ucg_rotate.o)
 *fill*         0x00000000080034f2        0x2 
 .text.ucg_dev_rotate180
                0x00000000080034f4      0x100 C:\Users\USER\Downloads\FakeLibraries\libLibraries.a(ucg_rotate.o)
                0x00000000080034f4                ucg_dev_rotate180
 .text.ucg_SetRotate180
                0x00000000080035f4       0x34 C:\Users\USER\Downloads\FakeLibraries\libLibraries.a(ucg_rotate.o)
                0x00000000080035f4                ucg_SetRotate180
 .text.USART_ReceiveData
                0x0000000008003628       0x20 C:\Users\USER\Downloads\FakeLibraries\libLibraries.a(stm32f401re_usart.o)
                0x0000000008003628                USART_ReceiveData
 .text.USART_GetITStatus
                0x0000000008003648       0xb6 C:\Users\USER\Downloads\FakeLibraries\libLibraries.a(stm32f401re_usart.o)
                0x0000000008003648                USART_GetITStatus
 .text.USART_ClearITPendingBit
                0x00000000080036fe       0x3a C:\Users\USER\Downloads\FakeLibraries\libLibraries.a(stm32f401re_usart.o)
                0x00000000080036fe                USART_ClearITPendingBit
 .text.ucg_clip_is_x_visible
                0x0000000008003738       0x4a C:\Users\USER\Downloads\FakeLibraries\libLibraries.a(ucg_clip.o)
 .text.ucg_clip_is_y_visible
                0x0000000008003782       0x4a C:\Users\USER\Downloads\FakeLibraries\libLibraries.a(ucg_clip.o)
 .text.ucg_clip_intersection
                0x00000000080037cc       0x74 C:\Users\USER\Downloads\FakeLibraries\libLibraries.a(ucg_clip.o)
 .text.ucg_clip_is_pixel_visible
                0x0000000008003840       0x32 C:\Users\USER\Downloads\FakeLibraries\libLibraries.a(ucg_clip.o)
                0x0000000008003840                ucg_clip_is_pixel_visible
 *fill*         0x0000000008003872        0x2 
 .text.ucg_clip_l90fx
                0x0000000008003874      0x300 C:\Users\USER\Downloads\FakeLibraries\libLibraries.a(ucg_clip.o)
                0x0000000008003874                ucg_clip_l90fx
 .text.ucg_clip_l90se
                0x0000000008003b74       0x54 C:\Users\USER\Downloads\FakeLibraries\libLibraries.a(ucg_clip.o)
                0x0000000008003b74                ucg_clip_l90se
 .text.ucg_com_PowerDown
                0x0000000008003bc8       0x3e C:\Users\USER\Downloads\FakeLibraries\libLibraries.a(ucg_com_msg_api.o)
                0x0000000008003bc8                ucg_com_PowerDown
 .text.ucg_com_PowerUp
                0x0000000008003c06       0x60 C:\Users\USER\Downloads\FakeLibraries\libLibraries.a(ucg_com_msg_api.o)
                0x0000000008003c06                ucg_com_PowerUp
 .text.ucg_com_SetLineStatus
                0x0000000008003c66       0xe2 C:\Users\USER\Downloads\FakeLibraries\libLibraries.a(ucg_com_msg_api.o)
                0x0000000008003c66                ucg_com_SetLineStatus
 .text.ucg_com_SetResetLineStatus
                0x0000000008003d48       0x20 C:\Users\USER\Downloads\FakeLibraries\libLibraries.a(ucg_com_msg_api.o)
                0x0000000008003d48                ucg_com_SetResetLineStatus
 .text.ucg_com_SetCSLineStatus
                0x0000000008003d68       0x20 C:\Users\USER\Downloads\FakeLibraries\libLibraries.a(ucg_com_msg_api.o)
                0x0000000008003d68                ucg_com_SetCSLineStatus
 .text.ucg_com_SetCDLineStatus
                0x0000000008003d88       0x20 C:\Users\USER\Downloads\FakeLibraries\libLibraries.a(ucg_com_msg_api.o)
                0x0000000008003d88                ucg_com_SetCDLineStatus
 .text.ucg_com_DelayMicroseconds
                0x0000000008003da8       0x22 C:\Users\USER\Downloads\FakeLibraries\libLibraries.a(ucg_com_msg_api.o)
                0x0000000008003da8                ucg_com_DelayMicroseconds
 .text.ucg_com_DelayMilliseconds
                0x0000000008003dca       0x2c C:\Users\USER\Downloads\FakeLibraries\libLibraries.a(ucg_com_msg_api.o)
                0x0000000008003dca                ucg_com_DelayMilliseconds
 .text.ucg_com_SendByte
                0x0000000008003df6       0x24 C:\Users\USER\Downloads\FakeLibraries\libLibraries.a(ucg_com_msg_api.o)
                0x0000000008003df6                ucg_com_SendByte
 .text.ucg_com_SendStringP
                0x0000000008003e1a       0x40 C:\Users\USER\Downloads\FakeLibraries\libLibraries.a(ucg_com_msg_api.o)
                0x0000000008003e1a                ucg_com_SendStringP
 .text.ucg_com_SendCmdArg
                0x0000000008003e5a       0x74 C:\Users\USER\Downloads\FakeLibraries\libLibraries.a(ucg_com_msg_api.o)
 *fill*         0x0000000008003ece        0x2 
 .text.ucg_com_SendCmdSeq
                0x0000000008003ed0      0x278 C:\Users\USER\Downloads\FakeLibraries\libLibraries.a(ucg_com_msg_api.o)
                0x0000000008003ed0                ucg_com_SendCmdSeq
 .text.sprintf  0x0000000008004148       0x40 C:/ST/STM32CubeIDE_1.14.1/STM32CubeIDE/plugins/com.st.stm32cube.ide.mcu.externaltools.gnu-tools-for-stm32.11.3.rel1.win32_1.1.100.202309141235/tools/bin/../lib/gcc/arm-none-eabi/11.3.1/../../../../arm-none-eabi/lib/thumb/v7e-m+fp/hard\libc_nano.a(libc_a-sprintf.o)
                0x0000000008004148                siprintf
                0x0000000008004148                sprintf
 .text.memset   0x0000000008004188       0x10 C:/ST/STM32CubeIDE_1.14.1/STM32CubeIDE/plugins/com.st.stm32cube.ide.mcu.externaltools.gnu-tools-for-stm32.11.3.rel1.win32_1.1.100.202309141235/tools/bin/../lib/gcc/arm-none-eabi/11.3.1/../../../../arm-none-eabi/lib/thumb/v7e-m+fp/hard\libc_nano.a(libc_a-memset.o)
                0x0000000008004188                memset
 .text.__errno  0x0000000008004198        0xc C:/ST/STM32CubeIDE_1.14.1/STM32CubeIDE/plugins/com.st.stm32cube.ide.mcu.externaltools.gnu-tools-for-stm32.11.3.rel1.win32_1.1.100.202309141235/tools/bin/../lib/gcc/arm-none-eabi/11.3.1/../../../../arm-none-eabi/lib/thumb/v7e-m+fp/hard\libc_nano.a(libc_a-errno.o)
                0x0000000008004198                __errno
 .text.__libc_init_array
                0x00000000080041a4       0x48 C:/ST/STM32CubeIDE_1.14.1/STM32CubeIDE/plugins/com.st.stm32cube.ide.mcu.externaltools.gnu-tools-for-stm32.11.3.rel1.win32_1.1.100.202309141235/tools/bin/../lib/gcc/arm-none-eabi/11.3.1/../../../../arm-none-eabi/lib/thumb/v7e-m+fp/hard\libc_nano.a(libc_a-init.o)
                0x00000000080041a4                __libc_init_array
 .text.__retarget_lock_acquire_recursive
                0x00000000080041ec        0x2 C:/ST/STM32CubeIDE_1.14.1/STM32CubeIDE/plugins/com.st.stm32cube.ide.mcu.externaltools.gnu-tools-for-stm32.11.3.rel1.win32_1.1.100.202309141235/tools/bin/../lib/gcc/arm-none-eabi/11.3.1/../../../../arm-none-eabi/lib/thumb/v7e-m+fp/hard\libc_nano.a(libc_a-lock.o)
                0x00000000080041ec                __retarget_lock_acquire_recursive
 .text.__retarget_lock_release_recursive
                0x00000000080041ee        0x2 C:/ST/STM32CubeIDE_1.14.1/STM32CubeIDE/plugins/com.st.stm32cube.ide.mcu.externaltools.gnu-tools-for-stm32.11.3.rel1.win32_1.1.100.202309141235/tools/bin/../lib/gcc/arm-none-eabi/11.3.1/../../../../arm-none-eabi/lib/thumb/v7e-m+fp/hard\libc_nano.a(libc_a-lock.o)
                0x00000000080041ee                __retarget_lock_release_recursive
 .text._free_r  0x00000000080041f0       0x98 C:/ST/STM32CubeIDE_1.14.1/STM32CubeIDE/plugins/com.st.stm32cube.ide.mcu.externaltools.gnu-tools-for-stm32.11.3.rel1.win32_1.1.100.202309141235/tools/bin/../lib/gcc/arm-none-eabi/11.3.1/../../../../arm-none-eabi/lib/thumb/v7e-m+fp/hard\libc_nano.a(libc_a-freer.o)
                0x00000000080041f0                _free_r
 .text.sbrk_aligned
                0x0000000008004288       0x40 C:/ST/STM32CubeIDE_1.14.1/STM32CubeIDE/plugins/com.st.stm32cube.ide.mcu.externaltools.gnu-tools-for-stm32.11.3.rel1.win32_1.1.100.202309141235/tools/bin/../lib/gcc/arm-none-eabi/11.3.1/../../../../arm-none-eabi/lib/thumb/v7e-m+fp/hard\libc_nano.a(libc_a-mallocr.o)
 .text._malloc_r
                0x00000000080042c8      0x100 C:/ST/STM32CubeIDE_1.14.1/STM32CubeIDE/plugins/com.st.stm32cube.ide.mcu.externaltools.gnu-tools-for-stm32.11.3.rel1.win32_1.1.100.202309141235/tools/bin/../lib/gcc/arm-none-eabi/11.3.1/../../../../arm-none-eabi/lib/thumb/v7e-m+fp/hard\libc_nano.a(libc_a-mallocr.o)
                0x00000000080042c8                _malloc_r
 .text.__malloc_lock
                0x00000000080043c8        0xc C:/ST/STM32CubeIDE_1.14.1/STM32CubeIDE/plugins/com.st.stm32cube.ide.mcu.externaltools.gnu-tools-for-stm32.11.3.rel1.win32_1.1.100.202309141235/tools/bin/../lib/gcc/arm-none-eabi/11.3.1/../../../../arm-none-eabi/lib/thumb/v7e-m+fp/hard\libc_nano.a(libc_a-mlock.o)
                0x00000000080043c8                __malloc_lock
 .text.__malloc_unlock
                0x00000000080043d4        0xc C:/ST/STM32CubeIDE_1.14.1/STM32CubeIDE/plugins/com.st.stm32cube.ide.mcu.externaltools.gnu-tools-for-stm32.11.3.rel1.win32_1.1.100.202309141235/tools/bin/../lib/gcc/arm-none-eabi/11.3.1/../../../../arm-none-eabi/lib/thumb/v7e-m+fp/hard\libc_nano.a(libc_a-mlock.o)
                0x00000000080043d4                __malloc_unlock
 .text.__ssputs_r
                0x00000000080043e0       0xb4 C:/ST/STM32CubeIDE_1.14.1/STM32CubeIDE/plugins/com.st.stm32cube.ide.mcu.externaltools.gnu-tools-for-stm32.11.3.rel1.win32_1.1.100.202309141235/tools/bin/../lib/gcc/arm-none-eabi/11.3.1/../../../../arm-none-eabi/lib/thumb/v7e-m+fp/hard\libc_nano.a(libc_a-nano-svfprintf.o)
                0x00000000080043e0                __ssputs_r
 .text._svfprintf_r
                0x0000000008004494      0x1fc C:/ST/STM32CubeIDE_1.14.1/STM32CubeIDE/plugins/com.st.stm32cube.ide.mcu.externaltools.gnu-tools-for-stm32.11.3.rel1.win32_1.1.100.202309141235/tools/bin/../lib/gcc/arm-none-eabi/11.3.1/../../../../arm-none-eabi/lib/thumb/v7e-m+fp/hard\libc_nano.a(libc_a-nano-svfprintf.o)
                0x0000000008004494                _svfiprintf_r
                0x0000000008004494                _svfprintf_r
 .text._printf_common
                0x0000000008004690       0xda C:/ST/STM32CubeIDE_1.14.1/STM32CubeIDE/plugins/com.st.stm32cube.ide.mcu.externaltools.gnu-tools-for-stm32.11.3.rel1.win32_1.1.100.202309141235/tools/bin/../lib/gcc/arm-none-eabi/11.3.1/../../../../arm-none-eabi/lib/thumb/v7e-m+fp/hard\libc_nano.a(libc_a-nano-vfprintf_i.o)
                0x0000000008004690                _printf_common
 *fill*         0x000000000800476a        0x2 
 .text._printf_i
                0x000000000800476c      0x244 C:/ST/STM32CubeIDE_1.14.1/STM32CubeIDE/plugins/com.st.stm32cube.ide.mcu.externaltools.gnu-tools-for-stm32.11.3.rel1.win32_1.1.100.202309141235/tools/bin/../lib/gcc/arm-none-eabi/11.3.1/../../../../arm-none-eabi/lib/thumb/v7e-m+fp/hard\libc_nano.a(libc_a-nano-vfprintf_i.o)
                0x000000000800476c                _printf_i
 .text.memmove  0x00000000080049b0       0x34 C:/ST/STM32CubeIDE_1.14.1/STM32CubeIDE/plugins/com.st.stm32cube.ide.mcu.externaltools.gnu-tools-for-stm32.11.3.rel1.win32_1.1.100.202309141235/tools/bin/../lib/gcc/arm-none-eabi/11.3.1/../../../../arm-none-eabi/lib/thumb/v7e-m+fp/hard\libc_nano.a(libc_a-memmove.o)
                0x00000000080049b0                memmove
 .text._sbrk_r  0x00000000080049e4       0x20 C:/ST/STM32CubeIDE_1.14.1/STM32CubeIDE/plugins/com.st.stm32cube.ide.mcu.externaltools.gnu-tools-for-stm32.11.3.rel1.win32_1.1.100.202309141235/tools/bin/../lib/gcc/arm-none-eabi/11.3.1/../../../../arm-none-eabi/lib/thumb/v7e-m+fp/hard\libc_nano.a(libc_a-sbrkr.o)
                0x00000000080049e4                _sbrk_r
 .text.memcpy   0x0000000008004a04       0x1c C:/ST/STM32CubeIDE_1.14.1/STM32CubeIDE/plugins/com.st.stm32cube.ide.mcu.externaltools.gnu-tools-for-stm32.11.3.rel1.win32_1.1.100.202309141235/tools/bin/../lib/gcc/arm-none-eabi/11.3.1/../../../../arm-none-eabi/lib/thumb/v7e-m+fp/hard\libc_nano.a(libc_a-memcpy-stub.o)
                0x0000000008004a04                memcpy
 .text._realloc_r
                0x0000000008004a20       0x5e C:/ST/STM32CubeIDE_1.14.1/STM32CubeIDE/plugins/com.st.stm32cube.ide.mcu.externaltools.gnu-tools-for-stm32.11.3.rel1.win32_1.1.100.202309141235/tools/bin/../lib/gcc/arm-none-eabi/11.3.1/../../../../arm-none-eabi/lib/thumb/v7e-m+fp/hard\libc_nano.a(libc_a-reallocr.o)
                0x0000000008004a20                _realloc_r
 .text._malloc_usable_size_r
                0x0000000008004a7e       0x10 C:/ST/STM32CubeIDE_1.14.1/STM32CubeIDE/plugins/com.st.stm32cube.ide.mcu.externaltools.gnu-tools-for-stm32.11.3.rel1.win32_1.1.100.202309141235/tools/bin/../lib/gcc/arm-none-eabi/11.3.1/../../../../arm-none-eabi/lib/thumb/v7e-m+fp/hard\libc_nano.a(libc_a-msizer.o)
                0x0000000008004a7e                _malloc_usable_size_r
 *(.glue_7)
 .glue_7        0x0000000008004a8e        0x0 linker stubs
 *(.glue_7t)
 .glue_7t       0x0000000008004a8e        0x0 linker stubs
 *(.eh_frame)
 *fill*         0x0000000008004a8e        0x2 
 .eh_frame      0x0000000008004a90        0x0 C:/ST/STM32CubeIDE_1.14.1/STM32CubeIDE/plugins/com.st.stm32cube.ide.mcu.externaltools.gnu-tools-for-stm32.11.3.rel1.win32_1.1.100.202309141235/tools/bin/../lib/gcc/arm-none-eabi/11.3.1/thumb/v7e-m+fp/hard/crtbegin.o
 *(.init)
 .init          0x0000000008004a90        0x4 C:/ST/STM32CubeIDE_1.14.1/STM32CubeIDE/plugins/com.st.stm32cube.ide.mcu.externaltools.gnu-tools-for-stm32.11.3.rel1.win32_1.1.100.202309141235/tools/bin/../lib/gcc/arm-none-eabi/11.3.1/thumb/v7e-m+fp/hard/crti.o
                0x0000000008004a90                _init
 .init          0x0000000008004a94        0x8 C:/ST/STM32CubeIDE_1.14.1/STM32CubeIDE/plugins/com.st.stm32cube.ide.mcu.externaltools.gnu-tools-for-stm32.11.3.rel1.win32_1.1.100.202309141235/tools/bin/../lib/gcc/arm-none-eabi/11.3.1/thumb/v7e-m+fp/hard/crtn.o
 *(.fini)
 .fini          0x0000000008004a9c        0x4 C:/ST/STM32CubeIDE_1.14.1/STM32CubeIDE/plugins/com.st.stm32cube.ide.mcu.externaltools.gnu-tools-for-stm32.11.3.rel1.win32_1.1.100.202309141235/tools/bin/../lib/gcc/arm-none-eabi/11.3.1/thumb/v7e-m+fp/hard/crti.o
                0x0000000008004a9c                _fini
 .fini          0x0000000008004aa0        0x8 C:/ST/STM32CubeIDE_1.14.1/STM32CubeIDE/plugins/com.st.stm32cube.ide.mcu.externaltools.gnu-tools-for-stm32.11.3.rel1.win32_1.1.100.202309141235/tools/bin/../lib/gcc/arm-none-eabi/11.3.1/thumb/v7e-m+fp/hard/crtn.o
                0x0000000008004aa8                . = ALIGN (0x4)
                0x0000000008004aa8                _etext = .

.vfp11_veneer   0x0000000008004aa8        0x0
 .vfp11_veneer  0x0000000008004aa8        0x0 linker stubs

.v4_bx          0x0000000008004aa8        0x0
 .v4_bx         0x0000000008004aa8        0x0 linker stubs

.iplt           0x0000000008004aa8        0x0
 .iplt          0x0000000008004aa8        0x0 C:/ST/STM32CubeIDE_1.14.1/STM32CubeIDE/plugins/com.st.stm32cube.ide.mcu.externaltools.gnu-tools-for-stm32.11.3.rel1.win32_1.1.100.202309141235/tools/bin/../lib/gcc/arm-none-eabi/11.3.1/thumb/v7e-m+fp/hard/crtbegin.o

.rodata         0x0000000008004aa8      0x908
                0x0000000008004aa8                . = ALIGN (0x4)
 *(.rodata)
 .rodata        0x0000000008004aa8       0x3c ./Src/main.o
 .rodata        0x0000000008004ae4        0xf C:\Users\USER\Downloads\FakeLibraries\libLibraries.a(ucg_font.o)
 *(.rodata*)
 *fill*         0x0000000008004af3        0x1 
 .rodata.ucg_st7735_set_pos_seq
                0x0000000008004af4       0x1e C:\Users\USER\Downloads\FakeLibraries\libLibraries.a(ucg_dev_ic_st7735.o)
                0x0000000008004af4                ucg_st7735_set_pos_seq
 *fill*         0x0000000008004b12        0x2 
 .rodata.ucg_st7735_set_pos_dir0_seq
                0x0000000008004b14       0x1e C:\Users\USER\Downloads\FakeLibraries\libLibraries.a(ucg_dev_ic_st7735.o)
                0x0000000008004b14                ucg_st7735_set_pos_dir0_seq
 *fill*         0x0000000008004b32        0x2 
 .rodata.ucg_st7735_set_pos_dir1_seq
                0x0000000008004b34       0x21 C:\Users\USER\Downloads\FakeLibraries\libLibraries.a(ucg_dev_ic_st7735.o)
                0x0000000008004b34                ucg_st7735_set_pos_dir1_seq
 *fill*         0x0000000008004b55        0x3 
 .rodata.ucg_st7735_set_pos_dir2_seq
                0x0000000008004b58       0x21 C:\Users\USER\Downloads\FakeLibraries\libLibraries.a(ucg_dev_ic_st7735.o)
                0x0000000008004b58                ucg_st7735_set_pos_dir2_seq
 *fill*         0x0000000008004b79        0x3 
 .rodata.ucg_st7735_set_pos_dir3_seq
                0x0000000008004b7c       0x24 C:\Users\USER\Downloads\FakeLibraries\libLibraries.a(ucg_dev_ic_st7735.o)
                0x0000000008004b7c                ucg_st7735_set_pos_dir3_seq
 .rodata.ucg_st7735_power_down_seq
                0x0000000008004ba0        0x7 C:\Users\USER\Downloads\FakeLibraries\libLibraries.a(ucg_dev_ic_st7735.o)
 *fill*         0x0000000008004ba7        0x1 
 .rodata.ucg_tft_128x160_st7735_init_seq
                0x0000000008004ba8       0x2c C:\Users\USER\Downloads\FakeLibraries\libLibraries.a(ucg_dev_tft_128x128_st7735.o)
 .rodata.ucg_font_ncenR12_hr
                0x0000000008004bd4      0x7a8 C:\Users\USER\Downloads\FakeLibraries\libLibraries.a(ucg_pixel_font_data.o)
                0x0000000008004bd4                ucg_font_ncenR12_hr
 .rodata._svfprintf_r.str1.1
                0x000000000800537c       0x11 C:/ST/STM32CubeIDE_1.14.1/STM32CubeIDE/plugins/com.st.stm32cube.ide.mcu.externaltools.gnu-tools-for-stm32.11.3.rel1.win32_1.1.100.202309141235/tools/bin/../lib/gcc/arm-none-eabi/11.3.1/../../../../arm-none-eabi/lib/thumb/v7e-m+fp/hard\libc_nano.a(libc_a-nano-svfprintf.o)
 .rodata._printf_i.str1.1
                0x000000000800538d       0x22 C:/ST/STM32CubeIDE_1.14.1/STM32CubeIDE/plugins/com.st.stm32cube.ide.mcu.externaltools.gnu-tools-for-stm32.11.3.rel1.win32_1.1.100.202309141235/tools/bin/../lib/gcc/arm-none-eabi/11.3.1/../../../../arm-none-eabi/lib/thumb/v7e-m+fp/hard\libc_nano.a(libc_a-nano-vfprintf_i.o)
                0x00000000080053b0                . = ALIGN (0x4)
 *fill*         0x00000000080053af        0x1 

.rel.dyn        0x00000000080053b0        0x0
 .rel.iplt      0x00000000080053b0        0x0 C:/ST/STM32CubeIDE_1.14.1/STM32CubeIDE/plugins/com.st.stm32cube.ide.mcu.externaltools.gnu-tools-for-stm32.11.3.rel1.win32_1.1.100.202309141235/tools/bin/../lib/gcc/arm-none-eabi/11.3.1/thumb/v7e-m+fp/hard/crtbegin.o

.ARM.extab      0x00000000080053b0        0x0
                0x00000000080053b0                . = ALIGN (0x4)
 *(.ARM.extab* .gnu.linkonce.armextab.*)
                0x00000000080053b0                . = ALIGN (0x4)

.ARM            0x00000000080053b0        0x0
                0x00000000080053b0                . = ALIGN (0x4)
                0x00000000080053b0                __exidx_start = .
 *(.ARM.exidx*)
                0x00000000080053b0                __exidx_end = .
                0x00000000080053b0                . = ALIGN (0x4)

.preinit_array  0x00000000080053b0        0x0
                0x00000000080053b0                . = ALIGN (0x4)
                0x00000000080053b0                PROVIDE (__preinit_array_start = .)
 *(.preinit_array*)
                0x00000000080053b0                PROVIDE (__preinit_array_end = .)
                0x00000000080053b0                . = ALIGN (0x4)

.init_array     0x00000000080053b0        0x4
                0x00000000080053b0                . = ALIGN (0x4)
                0x00000000080053b0                PROVIDE (__init_array_start = .)
 *(SORT_BY_NAME(.init_array.*))
 *(.init_array*)
 .init_array    0x00000000080053b0        0x4 C:/ST/STM32CubeIDE_1.14.1/STM32CubeIDE/plugins/com.st.stm32cube.ide.mcu.externaltools.gnu-tools-for-stm32.11.3.rel1.win32_1.1.100.202309141235/tools/bin/../lib/gcc/arm-none-eabi/11.3.1/thumb/v7e-m+fp/hard/crtbegin.o
                0x00000000080053b4                PROVIDE (__init_array_end = .)
                0x00000000080053b4                . = ALIGN (0x4)

.fini_array     0x00000000080053b4        0x4
                0x00000000080053b4                . = ALIGN (0x4)
                [!provide]                        PROVIDE (__fini_array_start = .)
 *(SORT_BY_NAME(.fini_array.*))
 *(.fini_array*)
 .fini_array    0x00000000080053b4        0x4 C:/ST/STM32CubeIDE_1.14.1/STM32CubeIDE/plugins/com.st.stm32cube.ide.mcu.externaltools.gnu-tools-for-stm32.11.3.rel1.win32_1.1.100.202309141235/tools/bin/../lib/gcc/arm-none-eabi/11.3.1/thumb/v7e-m+fp/hard/crtbegin.o
                [!provide]                        PROVIDE (__fini_array_end = .)
                0x00000000080053b8                . = ALIGN (0x4)
                0x00000000080053b8                _sidata = LOADADDR (.data)

.data           0x0000000020000000       0x78 load address 0x00000000080053b8
                0x0000000020000000                . = ALIGN (0x4)
                0x0000000020000000                _sdata = .
 *(.data)
 *(.data*)
 .data.SystemCoreClock
                0x0000000020000000        0x4 C:\Users\USER\Downloads\FakeLibraries\libLibraries.a(system_stm32f4xx.o)
                0x0000000020000000                SystemCoreClock
 .data.AHBPrescTable
                0x0000000020000004       0x10 C:\Users\USER\Downloads\FakeLibraries\libLibraries.a(system_stm32f4xx.o)
                0x0000000020000004                AHBPrescTable
 .data.APBAHBPrescTable
                0x0000000020000014       0x10 C:\Users\USER\Downloads\FakeLibraries\libLibraries.a(stm32f401re_rcc.o)
 .data.idTaskScanDecodeLen
                0x0000000020000024        0x1 C:\Users\USER\Downloads\FakeLibraries\libLibraries.a(ucg_font.o)
 *fill*         0x0000000020000025        0x3 
 .data._impure_data
                0x0000000020000028       0x4c C:/ST/STM32CubeIDE_1.14.1/STM32CubeIDE/plugins/com.st.stm32cube.ide.mcu.externaltools.gnu-tools-for-stm32.11.3.rel1.win32_1.1.100.202309141235/tools/bin/../lib/gcc/arm-none-eabi/11.3.1/../../../../arm-none-eabi/lib/thumb/v7e-m+fp/hard\libc_nano.a(libc_a-impure.o)
                0x0000000020000028                _impure_data
 .data._impure_ptr
                0x0000000020000074        0x4 C:/ST/STM32CubeIDE_1.14.1/STM32CubeIDE/plugins/com.st.stm32cube.ide.mcu.externaltools.gnu-tools-for-stm32.11.3.rel1.win32_1.1.100.202309141235/tools/bin/../lib/gcc/arm-none-eabi/11.3.1/../../../../arm-none-eabi/lib/thumb/v7e-m+fp/hard\libc_nano.a(libc_a-impure.o)
                0x0000000020000074                _impure_ptr
 *(.RamFunc)
 *(.RamFunc*)
                0x0000000020000078                . = ALIGN (0x4)
                0x0000000020000078                _edata = .

.igot.plt       0x0000000020000078        0x0 load address 0x0000000008005430
 .igot.plt      0x0000000020000078        0x0 C:/ST/STM32CubeIDE_1.14.1/STM32CubeIDE/plugins/com.st.stm32cube.ide.mcu.externaltools.gnu-tools-for-stm32.11.3.rel1.win32_1.1.100.202309141235/tools/bin/../lib/gcc/arm-none-eabi/11.3.1/thumb/v7e-m+fp/hard/crtbegin.o
                0x0000000020000078                . = ALIGN (0x4)

.bss            0x0000000020000078     0x142c load address 0x0000000008005430
                0x0000000020000078                _sbss = .
                0x0000000020000078                __bss_start__ = _sbss
 *(.bss)
 .bss           0x0000000020000078       0x1c C:/ST/STM32CubeIDE_1.14.1/STM32CubeIDE/plugins/com.st.stm32cube.ide.mcu.externaltools.gnu-tools-for-stm32.11.3.rel1.win32_1.1.100.202309141235/tools/bin/../lib/gcc/arm-none-eabi/11.3.1/thumb/v7e-m+fp/hard/crtbegin.o
 *(.bss*)
 .bss.ucg       0x0000000020000094       0xb4 ./Src/main.o
 .bss.time_initial
                0x0000000020000148        0x4 ./Src/main.o
                0x0000000020000148                time_initial
 .bss.time_current
                0x000000002000014c        0x4 ./Src/main.o
                0x000000002000014c                time_current
 .bss.idTimer   0x0000000020000150        0x4 ./Src/main.o
                0x0000000020000150                idTimer
 .bss.src1      0x0000000020000154       0x14 ./Src/main.o
 .bss.src2      0x0000000020000168       0x14 ./Src/main.o
 .bss.src3      0x000000002000017c       0x14 ./Src/main.o
 .bss.src4      0x0000000020000190       0x14 ./Src/main.o
 .bss.time_total
                0x00000000200001a4        0x4 ./Src/main.o
 .bss.temperature
                0x00000000200001a8        0x1 ./Src/main.o
 .bss.humidity  0x00000000200001a9        0x1 ./Src/main.o
 .bss.temperature1
                0x00000000200001aa        0x1 ./Src/main.o
 .bss.humidity1
                0x00000000200001ab        0x1 ./Src/main.o
 .bss.__sbrk_heap_end
                0x00000000200001ac        0x4 ./Src/sysmem.o
 .bss.g_pTimerHandle
                0x00000000200001b0      0x180 C:\Users\USER\Downloads\FakeLibraries\libLibraries.a(timer.o)
 .bss.g_wMilSecTickTimer
                0x0000000020000330        0x4 C:\Users\USER\Downloads\FakeLibraries\libLibraries.a(timer.o)
 .bss.g_pUartQueueRx
                0x0000000020000334        0x8 C:\Users\USER\Downloads\FakeLibraries\libLibraries.a(serial.o)
 .bss.fontQueue
                0x000000002000033c       0x10 C:\Users\USER\Downloads\FakeLibraries\libLibraries.a(ucg_font.o)
 .bss.pQueueFont
                0x000000002000034c     0x1000 C:\Users\USER\Downloads\FakeLibraries\libLibraries.a(ucg_font.o)
 .bss.next.7562
                0x000000002000134c        0x1 C:\Users\USER\Downloads\FakeLibraries\libLibraries.a(ucg_font.o)
 *fill*         0x000000002000134d        0x3 
 .bss.__sf      0x0000000020001350      0x138 C:/ST/STM32CubeIDE_1.14.1/STM32CubeIDE/plugins/com.st.stm32cube.ide.mcu.externaltools.gnu-tools-for-stm32.11.3.rel1.win32_1.1.100.202309141235/tools/bin/../lib/gcc/arm-none-eabi/11.3.1/../../../../arm-none-eabi/lib/thumb/v7e-m+fp/hard\libc_nano.a(libc_a-findfp.o)
                0x0000000020001350                __sf
 .bss.errno     0x0000000020001488        0x4 C:/ST/STM32CubeIDE_1.14.1/STM32CubeIDE/plugins/com.st.stm32cube.ide.mcu.externaltools.gnu-tools-for-stm32.11.3.rel1.win32_1.1.100.202309141235/tools/bin/../lib/gcc/arm-none-eabi/11.3.1/../../../../arm-none-eabi/lib/thumb/v7e-m+fp/hard\libc_nano.a(libc_a-reent.o)
                0x0000000020001488                errno
 .bss.__lock___malloc_recursive_mutex
                0x000000002000148c        0x1 C:/ST/STM32CubeIDE_1.14.1/STM32CubeIDE/plugins/com.st.stm32cube.ide.mcu.externaltools.gnu-tools-for-stm32.11.3.rel1.win32_1.1.100.202309141235/tools/bin/../lib/gcc/arm-none-eabi/11.3.1/../../../../arm-none-eabi/lib/thumb/v7e-m+fp/hard\libc_nano.a(libc_a-lock.o)
                0x000000002000148c                __lock___malloc_recursive_mutex
 *fill*         0x000000002000148d        0x3 
 .bss.__malloc_free_list
                0x0000000020001490        0x4 C:/ST/STM32CubeIDE_1.14.1/STM32CubeIDE/plugins/com.st.stm32cube.ide.mcu.externaltools.gnu-tools-for-stm32.11.3.rel1.win32_1.1.100.202309141235/tools/bin/../lib/gcc/arm-none-eabi/11.3.1/../../../../arm-none-eabi/lib/thumb/v7e-m+fp/hard\libc_nano.a(libc_a-mallocr.o)
                0x0000000020001490                __malloc_free_list
 .bss.__malloc_sbrk_start
                0x0000000020001494        0x4 C:/ST/STM32CubeIDE_1.14.1/STM32CubeIDE/plugins/com.st.stm32cube.ide.mcu.externaltools.gnu-tools-for-stm32.11.3.rel1.win32_1.1.100.202309141235/tools/bin/../lib/gcc/arm-none-eabi/11.3.1/../../../../arm-none-eabi/lib/thumb/v7e-m+fp/hard\libc_nano.a(libc_a-mallocr.o)
                0x0000000020001494                __malloc_sbrk_start
 *(COMMON)
 COMMON         0x0000000020001498        0xc C:\Users\USER\Downloads\FakeLibraries\libLibraries.a(ucg_font.o)
                0x0000000020001498                ucg_draw_str
                0x00000000200014a4                . = ALIGN (0x4)
                0x00000000200014a4                _ebss = .
                0x00000000200014a4                __bss_end__ = _ebss

._user_heap_stack
                0x00000000200014a4      0x604 load address 0x0000000008005430
                0x00000000200014a8                . = ALIGN (0x8)
 *fill*         0x00000000200014a4        0x4 
                [!provide]                        PROVIDE (end = .)
                0x00000000200014a8                PROVIDE (_end = .)
                0x00000000200016a8                . = (. + _Min_Heap_Size)
 *fill*         0x00000000200014a8      0x200 
                0x0000000020001aa8                . = (. + _Min_Stack_Size)
 *fill*         0x00000000200016a8      0x400 
                0x0000000020001aa8                . = ALIGN (0x8)

/DISCARD/
 libc.a(*)
 libm.a(*)
 libgcc.a(*)

.ARM.attributes
                0x0000000000000000       0x30
 *(.ARM.attributes)
 .ARM.attributes
                0x0000000000000000       0x1e C:/ST/STM32CubeIDE_1.14.1/STM32CubeIDE/plugins/com.st.stm32cube.ide.mcu.externaltools.gnu-tools-for-stm32.11.3.rel1.win32_1.1.100.202309141235/tools/bin/../lib/gcc/arm-none-eabi/11.3.1/thumb/v7e-m+fp/hard/crti.o
 .ARM.attributes
                0x000000000000001e       0x34 C:/ST/STM32CubeIDE_1.14.1/STM32CubeIDE/plugins/com.st.stm32cube.ide.mcu.externaltools.gnu-tools-for-stm32.11.3.rel1.win32_1.1.100.202309141235/tools/bin/../lib/gcc/arm-none-eabi/11.3.1/thumb/v7e-m+fp/hard/crtbegin.o
 .ARM.attributes
                0x0000000000000052       0x34 ./FakeLibraries/buff.o
 .ARM.attributes
                0x0000000000000086       0x34 ./FakeLibraries/utilities.o
 .ARM.attributes
                0x00000000000000ba       0x34 ./Src/main.o
 .ARM.attributes
                0x00000000000000ee       0x34 ./Src/sysmem.o
 .ARM.attributes
                0x0000000000000122       0x21 ./Startup/startup_stm32f401retx.o
 .ARM.attributes
                0x0000000000000143       0x39 C:\Users\USER\Downloads\FakeLibraries\libLibraries.a(system_stm32f4xx.o)
 .ARM.attributes
                0x000000000000017c       0x39 C:\Users\USER\Downloads\FakeLibraries\libLibraries.a(stm32f401re_gpio.o)
 .ARM.attributes
                0x00000000000001b5       0x39 C:\Users\USER\Downloads\FakeLibraries\libLibraries.a(stm32f401re_i2c.o)
 .ARM.attributes
                0x00000000000001ee       0x39 C:\Users\USER\Downloads\FakeLibraries\libLibraries.a(stm32f401re_rcc.o)
 .ARM.attributes
                0x0000000000000227       0x39 C:\Users\USER\Downloads\FakeLibraries\libLibraries.a(timer.o)
 .ARM.attributes
                0x0000000000000260       0x39 C:\Users\USER\Downloads\FakeLibraries\libLibraries.a(temhumsensor.o)
 .ARM.attributes
                0x0000000000000299       0x39 C:\Users\USER\Downloads\FakeLibraries\libLibraries.a(serial.o)
 .ARM.attributes
                0x00000000000002d2       0x39 C:\Users\USER\Downloads\FakeLibraries\libLibraries.a(Ucglib.o)
 .ARM.attributes
                0x000000000000030b       0x39 C:\Users\USER\Downloads\FakeLibraries\libLibraries.a(ucg_box.o)
 .ARM.attributes
                0x0000000000000344       0x39 C:\Users\USER\Downloads\FakeLibraries\libLibraries.a(ucg_ccs.o)
 .ARM.attributes
                0x000000000000037d       0x39 C:\Users\USER\Downloads\FakeLibraries\libLibraries.a(ucg_dev_default_cb.o)
 .ARM.attributes
                0x00000000000003b6       0x39 C:\Users\USER\Downloads\FakeLibraries\libLibraries.a(ucg_dev_ic_st7735.o)
 .ARM.attributes
                0x00000000000003ef       0x39 C:\Users\USER\Downloads\FakeLibraries\libLibraries.a(ucg_dev_msg_api.o)
 .ARM.attributes
                0x0000000000000428       0x39 C:\Users\USER\Downloads\FakeLibraries\libLibraries.a(ucg_dev_tft_128x128_st7735.o)
 .ARM.attributes
                0x0000000000000461       0x39 C:\Users\USER\Downloads\FakeLibraries\libLibraries.a(ucg_font.o)
 .ARM.attributes
                0x000000000000049a       0x39 C:\Users\USER\Downloads\FakeLibraries\libLibraries.a(ucg_init.o)
 .ARM.attributes
                0x00000000000004d3       0x39 C:\Users\USER\Downloads\FakeLibraries\libLibraries.a(ucg_line.o)
 .ARM.attributes
                0x000000000000050c       0x39 C:\Users\USER\Downloads\FakeLibraries\libLibraries.a(ucg_pixel.o)
 .ARM.attributes
                0x0000000000000545       0x39 C:\Users\USER\Downloads\FakeLibraries\libLibraries.a(ucg_pixel_font_data.o)
 .ARM.attributes
                0x000000000000057e       0x39 C:\Users\USER\Downloads\FakeLibraries\libLibraries.a(ucg_rotate.o)
 .ARM.attributes
                0x00000000000005b7       0x39 C:\Users\USER\Downloads\FakeLibraries\libLibraries.a(stm32f401re_usart.o)
 .ARM.attributes
                0x00000000000005f0       0x39 C:\Users\USER\Downloads\FakeLibraries\libLibraries.a(ucg_clip.o)
 .ARM.attributes
                0x0000000000000629       0x39 C:\Users\USER\Downloads\FakeLibraries\libLibraries.a(ucg_com_msg_api.o)
 .ARM.attributes
                0x0000000000000662       0x34 C:/ST/STM32CubeIDE_1.14.1/STM32CubeIDE/plugins/com.st.stm32cube.ide.mcu.externaltools.gnu-tools-for-stm32.11.3.rel1.win32_1.1.100.202309141235/tools/bin/../lib/gcc/arm-none-eabi/11.3.1/../../../../arm-none-eabi/lib/thumb/v7e-m+fp/hard\libc_nano.a(libc_a-findfp.o)
 .ARM.attributes
                0x0000000000000696       0x34 C:/ST/STM32CubeIDE_1.14.1/STM32CubeIDE/plugins/com.st.stm32cube.ide.mcu.externaltools.gnu-tools-for-stm32.11.3.rel1.win32_1.1.100.202309141235/tools/bin/../lib/gcc/arm-none-eabi/11.3.1/../../../../arm-none-eabi/lib/thumb/v7e-m+fp/hard\libc_nano.a(libc_a-sprintf.o)
 .ARM.attributes
                0x00000000000006ca       0x34 C:/ST/STM32CubeIDE_1.14.1/STM32CubeIDE/plugins/com.st.stm32cube.ide.mcu.externaltools.gnu-tools-for-stm32.11.3.rel1.win32_1.1.100.202309141235/tools/bin/../lib/gcc/arm-none-eabi/11.3.1/../../../../arm-none-eabi/lib/thumb/v7e-m+fp/hard\libc_nano.a(libc_a-memset.o)
 .ARM.attributes
                0x00000000000006fe       0x34 C:/ST/STM32CubeIDE_1.14.1/STM32CubeIDE/plugins/com.st.stm32cube.ide.mcu.externaltools.gnu-tools-for-stm32.11.3.rel1.win32_1.1.100.202309141235/tools/bin/../lib/gcc/arm-none-eabi/11.3.1/../../../../arm-none-eabi/lib/thumb/v7e-m+fp/hard\libc_nano.a(libc_a-reent.o)
 .ARM.attributes
                0x0000000000000732       0x34 C:/ST/STM32CubeIDE_1.14.1/STM32CubeIDE/plugins/com.st.stm32cube.ide.mcu.externaltools.gnu-tools-for-stm32.11.3.rel1.win32_1.1.100.202309141235/tools/bin/../lib/gcc/arm-none-eabi/11.3.1/../../../../arm-none-eabi/lib/thumb/v7e-m+fp/hard\libc_nano.a(libc_a-impure.o)
 .ARM.attributes
                0x0000000000000766       0x34 C:/ST/STM32CubeIDE_1.14.1/STM32CubeIDE/plugins/com.st.stm32cube.ide.mcu.externaltools.gnu-tools-for-stm32.11.3.rel1.win32_1.1.100.202309141235/tools/bin/../lib/gcc/arm-none-eabi/11.3.1/../../../../arm-none-eabi/lib/thumb/v7e-m+fp/hard\libc_nano.a(libc_a-errno.o)
 .ARM.attributes
                0x000000000000079a       0x34 C:/ST/STM32CubeIDE_1.14.1/STM32CubeIDE/plugins/com.st.stm32cube.ide.mcu.externaltools.gnu-tools-for-stm32.11.3.rel1.win32_1.1.100.202309141235/tools/bin/../lib/gcc/arm-none-eabi/11.3.1/../../../../arm-none-eabi/lib/thumb/v7e-m+fp/hard\libc_nano.a(libc_a-init.o)
 .ARM.attributes
                0x00000000000007ce       0x34 C:/ST/STM32CubeIDE_1.14.1/STM32CubeIDE/plugins/com.st.stm32cube.ide.mcu.externaltools.gnu-tools-for-stm32.11.3.rel1.win32_1.1.100.202309141235/tools/bin/../lib/gcc/arm-none-eabi/11.3.1/../../../../arm-none-eabi/lib/thumb/v7e-m+fp/hard\libc_nano.a(libc_a-lock.o)
 .ARM.attributes
                0x0000000000000802       0x34 C:/ST/STM32CubeIDE_1.14.1/STM32CubeIDE/plugins/com.st.stm32cube.ide.mcu.externaltools.gnu-tools-for-stm32.11.3.rel1.win32_1.1.100.202309141235/tools/bin/../lib/gcc/arm-none-eabi/11.3.1/../../../../arm-none-eabi/lib/thumb/v7e-m+fp/hard\libc_nano.a(libc_a-freer.o)
 .ARM.attributes
                0x0000000000000836       0x34 C:/ST/STM32CubeIDE_1.14.1/STM32CubeIDE/plugins/com.st.stm32cube.ide.mcu.externaltools.gnu-tools-for-stm32.11.3.rel1.win32_1.1.100.202309141235/tools/bin/../lib/gcc/arm-none-eabi/11.3.1/../../../../arm-none-eabi/lib/thumb/v7e-m+fp/hard\libc_nano.a(libc_a-mallocr.o)
 .ARM.attributes
                0x000000000000086a       0x34 C:/ST/STM32CubeIDE_1.14.1/STM32CubeIDE/plugins/com.st.stm32cube.ide.mcu.externaltools.gnu-tools-for-stm32.11.3.rel1.win32_1.1.100.202309141235/tools/bin/../lib/gcc/arm-none-eabi/11.3.1/../../../../arm-none-eabi/lib/thumb/v7e-m+fp/hard\libc_nano.a(libc_a-mlock.o)
 .ARM.attributes
                0x000000000000089e       0x34 C:/ST/STM32CubeIDE_1.14.1/STM32CubeIDE/plugins/com.st.stm32cube.ide.mcu.externaltools.gnu-tools-for-stm32.11.3.rel1.win32_1.1.100.202309141235/tools/bin/../lib/gcc/arm-none-eabi/11.3.1/../../../../arm-none-eabi/lib/thumb/v7e-m+fp/hard\libc_nano.a(libc_a-nano-svfprintf.o)
 .ARM.attributes
                0x00000000000008d2       0x34 C:/ST/STM32CubeIDE_1.14.1/STM32CubeIDE/plugins/com.st.stm32cube.ide.mcu.externaltools.gnu-tools-for-stm32.11.3.rel1.win32_1.1.100.202309141235/tools/bin/../lib/gcc/arm-none-eabi/11.3.1/../../../../arm-none-eabi/lib/thumb/v7e-m+fp/hard\libc_nano.a(libc_a-nano-vfprintf_i.o)
 .ARM.attributes
                0x0000000000000906       0x34 C:/ST/STM32CubeIDE_1.14.1/STM32CubeIDE/plugins/com.st.stm32cube.ide.mcu.externaltools.gnu-tools-for-stm32.11.3.rel1.win32_1.1.100.202309141235/tools/bin/../lib/gcc/arm-none-eabi/11.3.1/../../../../arm-none-eabi/lib/thumb/v7e-m+fp/hard\libc_nano.a(libc_a-memmove.o)
 .ARM.attributes
                0x000000000000093a       0x34 C:/ST/STM32CubeIDE_1.14.1/STM32CubeIDE/plugins/com.st.stm32cube.ide.mcu.externaltools.gnu-tools-for-stm32.11.3.rel1.win32_1.1.100.202309141235/tools/bin/../lib/gcc/arm-none-eabi/11.3.1/../../../../arm-none-eabi/lib/thumb/v7e-m+fp/hard\libc_nano.a(libc_a-sbrkr.o)
 .ARM.attributes
                0x000000000000096e       0x1c C:/ST/STM32CubeIDE_1.14.1/STM32CubeIDE/plugins/com.st.stm32cube.ide.mcu.externaltools.gnu-tools-for-stm32.11.3.rel1.win32_1.1.100.202309141235/tools/bin/../lib/gcc/arm-none-eabi/11.3.1/../../../../arm-none-eabi/lib/thumb/v7e-m+fp/hard\libc_nano.a(libc_a-memchr.o)
 .ARM.attributes
                0x000000000000098a       0x34 C:/ST/STM32CubeIDE_1.14.1/STM32CubeIDE/plugins/com.st.stm32cube.ide.mcu.externaltools.gnu-tools-for-stm32.11.3.rel1.win32_1.1.100.202309141235/tools/bin/../lib/gcc/arm-none-eabi/11.3.1/../../../../arm-none-eabi/lib/thumb/v7e-m+fp/hard\libc_nano.a(libc_a-memcpy-stub.o)
 .ARM.attributes
                0x00000000000009be       0x34 C:/ST/STM32CubeIDE_1.14.1/STM32CubeIDE/plugins/com.st.stm32cube.ide.mcu.externaltools.gnu-tools-for-stm32.11.3.rel1.win32_1.1.100.202309141235/tools/bin/../lib/gcc/arm-none-eabi/11.3.1/../../../../arm-none-eabi/lib/thumb/v7e-m+fp/hard\libc_nano.a(libc_a-reallocr.o)
 .ARM.attributes
                0x00000000000009f2       0x34 C:/ST/STM32CubeIDE_1.14.1/STM32CubeIDE/plugins/com.st.stm32cube.ide.mcu.externaltools.gnu-tools-for-stm32.11.3.rel1.win32_1.1.100.202309141235/tools/bin/../lib/gcc/arm-none-eabi/11.3.1/../../../../arm-none-eabi/lib/thumb/v7e-m+fp/hard\libc_nano.a(libc_a-msizer.o)
 .ARM.attributes
                0x0000000000000a26       0x1e C:/ST/STM32CubeIDE_1.14.1/STM32CubeIDE/plugins/com.st.stm32cube.ide.mcu.externaltools.gnu-tools-for-stm32.11.3.rel1.win32_1.1.100.202309141235/tools/bin/../lib/gcc/arm-none-eabi/11.3.1/thumb/v7e-m+fp/hard/crtn.o
OUTPUT(KiemTragiuaki_Thuctapcoso_Nhom3.elf elf32-littlearm)
LOAD linker stubs
LOAD C:/ST/STM32CubeIDE_1.14.1/STM32CubeIDE/plugins/com.st.stm32cube.ide.mcu.externaltools.gnu-tools-for-stm32.11.3.rel1.win32_1.1.100.202309141235/tools/bin/../lib/gcc/arm-none-eabi/11.3.1/../../../../arm-none-eabi/lib/thumb/v7e-m+fp/hard\libc.a
LOAD C:/ST/STM32CubeIDE_1.14.1/STM32CubeIDE/plugins/com.st.stm32cube.ide.mcu.externaltools.gnu-tools-for-stm32.11.3.rel1.win32_1.1.100.202309141235/tools/bin/../lib/gcc/arm-none-eabi/11.3.1/../../../../arm-none-eabi/lib/thumb/v7e-m+fp/hard\libm.a
LOAD C:/ST/STM32CubeIDE_1.14.1/STM32CubeIDE/plugins/com.st.stm32cube.ide.mcu.externaltools.gnu-tools-for-stm32.11.3.rel1.win32_1.1.100.202309141235/tools/bin/../lib/gcc/arm-none-eabi/11.3.1/thumb/v7e-m+fp/hard\libgcc.a

.comment        0x0000000000000000       0xbe
 .comment       0x0000000000000000       0x43 C:/ST/STM32CubeIDE_1.14.1/STM32CubeIDE/plugins/com.st.stm32cube.ide.mcu.externaltools.gnu-tools-for-stm32.11.3.rel1.win32_1.1.100.202309141235/tools/bin/../lib/gcc/arm-none-eabi/11.3.1/thumb/v7e-m+fp/hard/crtbegin.o
                                         0x44 (size before relaxing)
 .comment       0x0000000000000043       0x44 ./FakeLibraries/buff.o
 .comment       0x0000000000000043       0x44 ./FakeLibraries/utilities.o
 .comment       0x0000000000000043       0x44 ./Src/main.o
 .comment       0x0000000000000043       0x44 ./Src/sysmem.o
 .comment       0x0000000000000043       0x7b C:\Users\USER\Downloads\FakeLibraries\libLibraries.a(system_stm32f4xx.o)
                                         0x7c (size before relaxing)
 .comment       0x00000000000000be       0x7c C:\Users\USER\Downloads\FakeLibraries\libLibraries.a(stm32f401re_gpio.o)
 .comment       0x00000000000000be       0x7c C:\Users\USER\Downloads\FakeLibraries\libLibraries.a(stm32f401re_i2c.o)
 .comment       0x00000000000000be       0x7c C:\Users\USER\Downloads\FakeLibraries\libLibraries.a(stm32f401re_rcc.o)
 .comment       0x00000000000000be       0x7c C:\Users\USER\Downloads\FakeLibraries\libLibraries.a(timer.o)
 .comment       0x00000000000000be       0x7c C:\Users\USER\Downloads\FakeLibraries\libLibraries.a(temhumsensor.o)
 .comment       0x00000000000000be       0x7c C:\Users\USER\Downloads\FakeLibraries\libLibraries.a(serial.o)
 .comment       0x00000000000000be       0x7c C:\Users\USER\Downloads\FakeLibraries\libLibraries.a(Ucglib.o)
 .comment       0x00000000000000be       0x7c C:\Users\USER\Downloads\FakeLibraries\libLibraries.a(ucg_box.o)
 .comment       0x00000000000000be       0x7c C:\Users\USER\Downloads\FakeLibraries\libLibraries.a(ucg_ccs.o)
 .comment       0x00000000000000be       0x7c C:\Users\USER\Downloads\FakeLibraries\libLibraries.a(ucg_dev_default_cb.o)
 .comment       0x00000000000000be       0x7c C:\Users\USER\Downloads\FakeLibraries\libLibraries.a(ucg_dev_ic_st7735.o)
 .comment       0x00000000000000be       0x7c C:\Users\USER\Downloads\FakeLibraries\libLibraries.a(ucg_dev_msg_api.o)
 .comment       0x00000000000000be       0x7c C:\Users\USER\Downloads\FakeLibraries\libLibraries.a(ucg_dev_tft_128x128_st7735.o)
 .comment       0x00000000000000be       0x7c C:\Users\USER\Downloads\FakeLibraries\libLibraries.a(ucg_font.o)
 .comment       0x00000000000000be       0x7c C:\Users\USER\Downloads\FakeLibraries\libLibraries.a(ucg_init.o)
 .comment       0x00000000000000be       0x7c C:\Users\USER\Downloads\FakeLibraries\libLibraries.a(ucg_line.o)
 .comment       0x00000000000000be       0x7c C:\Users\USER\Downloads\FakeLibraries\libLibraries.a(ucg_pixel.o)
 .comment       0x00000000000000be       0x7c C:\Users\USER\Downloads\FakeLibraries\libLibraries.a(ucg_pixel_font_data.o)
 .comment       0x00000000000000be       0x7c C:\Users\USER\Downloads\FakeLibraries\libLibraries.a(ucg_rotate.o)
 .comment       0x00000000000000be       0x7c C:\Users\USER\Downloads\FakeLibraries\libLibraries.a(stm32f401re_usart.o)
 .comment       0x00000000000000be       0x7c C:\Users\USER\Downloads\FakeLibraries\libLibraries.a(ucg_clip.o)
 .comment       0x00000000000000be       0x7c C:\Users\USER\Downloads\FakeLibraries\libLibraries.a(ucg_com_msg_api.o)

.debug_info     0x0000000000000000    0x37a03
 .debug_info    0x0000000000000000      0x305 ./FakeLibraries/buff.o
 .debug_info    0x0000000000000305      0x2b8 ./FakeLibraries/utilities.o
 .debug_info    0x00000000000005bd     0x1311 ./Src/main.o
 .debug_info    0x00000000000018ce      0x168 ./Src/sysmem.o
 .debug_info    0x0000000000001a36       0x23 ./Startup/startup_stm32f401retx.o
 .debug_info    0x0000000000001a59      0x5bb C:\Users\USER\Downloads\FakeLibraries\libLibraries.a(system_stm32f4xx.o)
 .debug_info    0x0000000000002014      0x62b C:\Users\USER\Downloads\FakeLibraries\libLibraries.a(stm32f401re_gpio.o)
 .debug_info    0x000000000000263f      0xb9e C:\Users\USER\Downloads\FakeLibraries\libLibraries.a(stm32f401re_i2c.o)
 .debug_info    0x00000000000031dd      0xd5e C:\Users\USER\Downloads\FakeLibraries\libLibraries.a(stm32f401re_rcc.o)
 .debug_info    0x0000000000003f3b      0x922 C:\Users\USER\Downloads\FakeLibraries\libLibraries.a(timer.o)
 .debug_info    0x000000000000485d      0xafd C:\Users\USER\Downloads\FakeLibraries\libLibraries.a(temhumsensor.o)
 .debug_info    0x000000000000535a      0xb11 C:\Users\USER\Downloads\FakeLibraries\libLibraries.a(serial.o)
 .debug_info    0x0000000000005e6b     0x333f C:\Users\USER\Downloads\FakeLibraries\libLibraries.a(Ucglib.o)
 .debug_info    0x00000000000091aa     0x329d C:\Users\USER\Downloads\FakeLibraries\libLibraries.a(ucg_box.o)
 .debug_info    0x000000000000c447     0x2b08 C:\Users\USER\Downloads\FakeLibraries\libLibraries.a(ucg_ccs.o)
 .debug_info    0x000000000000ef4f     0x324b C:\Users\USER\Downloads\FakeLibraries\libLibraries.a(ucg_dev_default_cb.o)
 .debug_info    0x000000000001219a     0x3272 C:\Users\USER\Downloads\FakeLibraries\libLibraries.a(ucg_dev_ic_st7735.o)
 .debug_info    0x000000000001540c     0x3178 C:\Users\USER\Downloads\FakeLibraries\libLibraries.a(ucg_dev_msg_api.o)
 .debug_info    0x0000000000018584     0x303e C:\Users\USER\Downloads\FakeLibraries\libLibraries.a(ucg_dev_tft_128x128_st7735.o)
 .debug_info    0x000000000001b5c2     0x43ab C:\Users\USER\Downloads\FakeLibraries\libLibraries.a(ucg_font.o)
 .debug_info    0x000000000001f96d     0x3856 C:\Users\USER\Downloads\FakeLibraries\libLibraries.a(ucg_init.o)
 .debug_info    0x00000000000231c3     0x3222 C:\Users\USER\Downloads\FakeLibraries\libLibraries.a(ucg_line.o)
 .debug_info    0x00000000000263e5     0x3056 C:\Users\USER\Downloads\FakeLibraries\libLibraries.a(ucg_pixel.o)
 .debug_info    0x000000000002943b     0x43df C:\Users\USER\Downloads\FakeLibraries\libLibraries.a(ucg_pixel_font_data.o)
 .debug_info    0x000000000002d81a     0x3231 C:\Users\USER\Downloads\FakeLibraries\libLibraries.a(ucg_rotate.o)
 .debug_info    0x0000000000030a4b      0x9d4 C:\Users\USER\Downloads\FakeLibraries\libLibraries.a(stm32f401re_usart.o)
 .debug_info    0x000000000003141f     0x315a C:\Users\USER\Downloads\FakeLibraries\libLibraries.a(ucg_clip.o)
 .debug_info    0x0000000000034579     0x348a C:\Users\USER\Downloads\FakeLibraries\libLibraries.a(ucg_com_msg_api.o)

.debug_abbrev   0x0000000000000000     0x2e55
 .debug_abbrev  0x0000000000000000      0x13c ./FakeLibraries/buff.o
 .debug_abbrev  0x000000000000013c       0xe3 ./FakeLibraries/utilities.o
 .debug_abbrev  0x000000000000021f      0x3fd ./Src/main.o
 .debug_abbrev  0x000000000000061c       0xbc ./Src/sysmem.o
 .debug_abbrev  0x00000000000006d8       0x12 ./Startup/startup_stm32f401retx.o
 .debug_abbrev  0x00000000000006ea      0x138 C:\Users\USER\Downloads\FakeLibraries\libLibraries.a(system_stm32f4xx.o)
 .debug_abbrev  0x0000000000000822      0x1bf C:\Users\USER\Downloads\FakeLibraries\libLibraries.a(stm32f401re_gpio.o)
 .debug_abbrev  0x00000000000009e1      0x196 C:\Users\USER\Downloads\FakeLibraries\libLibraries.a(stm32f401re_i2c.o)
 .debug_abbrev  0x0000000000000b77      0x1d4 C:\Users\USER\Downloads\FakeLibraries\libLibraries.a(stm32f401re_rcc.o)
 .debug_abbrev  0x0000000000000d4b      0x29a C:\Users\USER\Downloads\FakeLibraries\libLibraries.a(timer.o)
 .debug_abbrev  0x0000000000000fe5      0x24a C:\Users\USER\Downloads\FakeLibraries\libLibraries.a(temhumsensor.o)
 .debug_abbrev  0x000000000000122f      0x2ba C:\Users\USER\Downloads\FakeLibraries\libLibraries.a(serial.o)
 .debug_abbrev  0x00000000000014e9      0x202 C:\Users\USER\Downloads\FakeLibraries\libLibraries.a(Ucglib.o)
 .debug_abbrev  0x00000000000016eb      0x18b C:\Users\USER\Downloads\FakeLibraries\libLibraries.a(ucg_box.o)
 .debug_abbrev  0x0000000000001876       0xf5 C:\Users\USER\Downloads\FakeLibraries\libLibraries.a(ucg_ccs.o)
 .debug_abbrev  0x000000000000196b      0x19e C:\Users\USER\Downloads\FakeLibraries\libLibraries.a(ucg_dev_default_cb.o)
 .debug_abbrev  0x0000000000001b09      0x1dc C:\Users\USER\Downloads\FakeLibraries\libLibraries.a(ucg_dev_ic_st7735.o)
 .debug_abbrev  0x0000000000001ce5      0x191 C:\Users\USER\Downloads\FakeLibraries\libLibraries.a(ucg_dev_msg_api.o)
 .debug_abbrev  0x0000000000001e76      0x14e C:\Users\USER\Downloads\FakeLibraries\libLibraries.a(ucg_dev_tft_128x128_st7735.o)
 .debug_abbrev  0x0000000000001fc4      0x2fc C:\Users\USER\Downloads\FakeLibraries\libLibraries.a(ucg_font.o)
 .debug_abbrev  0x00000000000022c0      0x1c6 C:\Users\USER\Downloads\FakeLibraries\libLibraries.a(ucg_init.o)
 .debug_abbrev  0x0000000000002486      0x175 C:\Users\USER\Downloads\FakeLibraries\libLibraries.a(ucg_line.o)
 .debug_abbrev  0x00000000000025fb      0x148 C:\Users\USER\Downloads\FakeLibraries\libLibraries.a(ucg_pixel.o)
 .debug_abbrev  0x0000000000002743       0x83 C:\Users\USER\Downloads\FakeLibraries\libLibraries.a(ucg_pixel_font_data.o)
 .debug_abbrev  0x00000000000027c6      0x1a3 C:\Users\USER\Downloads\FakeLibraries\libLibraries.a(ucg_rotate.o)
 .debug_abbrev  0x0000000000002969      0x187 C:\Users\USER\Downloads\FakeLibraries\libLibraries.a(stm32f401re_usart.o)
 .debug_abbrev  0x0000000000002af0      0x173 C:\Users\USER\Downloads\FakeLibraries\libLibraries.a(ucg_clip.o)
 .debug_abbrev  0x0000000000002c63      0x1f2 C:\Users\USER\Downloads\FakeLibraries\libLibraries.a(ucg_com_msg_api.o)

.debug_aranges  0x0000000000000000      0xd40
 .debug_aranges
                0x0000000000000000       0x50 ./FakeLibraries/buff.o
 .debug_aranges
                0x0000000000000050       0x48 ./FakeLibraries/utilities.o
 .debug_aranges
                0x0000000000000098       0xd0 ./Src/main.o
 .debug_aranges
                0x0000000000000168       0x20 ./Src/sysmem.o
 .debug_aranges
                0x0000000000000188       0x28 ./Startup/startup_stm32f401retx.o
 .debug_aranges
                0x00000000000001b0       0x30 C:\Users\USER\Downloads\FakeLibraries\libLibraries.a(system_stm32f4xx.o)
 .debug_aranges
                0x00000000000001e0       0x88 C:\Users\USER\Downloads\FakeLibraries\libLibraries.a(stm32f401re_gpio.o)
 .debug_aranges
                0x0000000000000268      0x130 C:\Users\USER\Downloads\FakeLibraries\libLibraries.a(stm32f401re_i2c.o)
 .debug_aranges
                0x0000000000000398      0x198 C:\Users\USER\Downloads\FakeLibraries\libLibraries.a(stm32f401re_rcc.o)
 .debug_aranges
                0x0000000000000530       0x70 C:\Users\USER\Downloads\FakeLibraries\libLibraries.a(timer.o)
 .debug_aranges
                0x00000000000005a0       0xe8 C:\Users\USER\Downloads\FakeLibraries\libLibraries.a(temhumsensor.o)
 .debug_aranges
                0x0000000000000688       0x80 C:\Users\USER\Downloads\FakeLibraries\libLibraries.a(serial.o)
 .debug_aranges
                0x0000000000000708       0x48 C:\Users\USER\Downloads\FakeLibraries\libLibraries.a(Ucglib.o)
 .debug_aranges
                0x0000000000000750       0x48 C:\Users\USER\Downloads\FakeLibraries\libLibraries.a(ucg_box.o)
 .debug_aranges
                0x0000000000000798       0x30 C:\Users\USER\Downloads\FakeLibraries\libLibraries.a(ucg_ccs.o)
 .debug_aranges
                0x00000000000007c8       0x48 C:\Users\USER\Downloads\FakeLibraries\libLibraries.a(ucg_dev_default_cb.o)
 .debug_aranges
                0x0000000000000810       0x40 C:\Users\USER\Downloads\FakeLibraries\libLibraries.a(ucg_dev_ic_st7735.o)
 .debug_aranges
                0x0000000000000850       0x60 C:\Users\USER\Downloads\FakeLibraries\libLibraries.a(ucg_dev_msg_api.o)
 .debug_aranges
                0x00000000000008b0       0x20 C:\Users\USER\Downloads\FakeLibraries\libLibraries.a(ucg_dev_tft_128x128_st7735.o)
 .debug_aranges
                0x00000000000008d0      0x168 C:\Users\USER\Downloads\FakeLibraries\libLibraries.a(ucg_font.o)
 .debug_aranges
                0x0000000000000a38       0x28 C:\Users\USER\Downloads\FakeLibraries\libLibraries.a(ucg_init.o)
 .debug_aranges
                0x0000000000000a60       0x48 C:\Users\USER\Downloads\FakeLibraries\libLibraries.a(ucg_line.o)
 .debug_aranges
                0x0000000000000aa8       0x28 C:\Users\USER\Downloads\FakeLibraries\libLibraries.a(ucg_pixel.o)
 .debug_aranges
                0x0000000000000ad0       0x18 C:\Users\USER\Downloads\FakeLibraries\libLibraries.a(ucg_pixel_font_data.o)
 .debug_aranges
                0x0000000000000ae8       0x68 C:\Users\USER\Downloads\FakeLibraries\libLibraries.a(ucg_rotate.o)
 .debug_aranges
                0x0000000000000b50      0x100 C:\Users\USER\Downloads\FakeLibraries\libLibraries.a(stm32f401re_usart.o)
 .debug_aranges
                0x0000000000000c50       0x50 C:\Users\USER\Downloads\FakeLibraries\libLibraries.a(ucg_clip.o)
 .debug_aranges
                0x0000000000000ca0       0xa0 C:\Users\USER\Downloads\FakeLibraries\libLibraries.a(ucg_com_msg_api.o)

.debug_rnglists
                0x0000000000000000      0x134
 .debug_rnglists
                0x0000000000000000       0x39 ./FakeLibraries/buff.o
 .debug_rnglists
                0x0000000000000039       0x33 ./FakeLibraries/utilities.o
 .debug_rnglists
                0x000000000000006c       0x9c ./Src/main.o
 .debug_rnglists
                0x0000000000000108       0x13 ./Src/sysmem.o
 .debug_rnglists
                0x000000000000011b       0x19 ./Startup/startup_stm32f401retx.o

.debug_macro    0x0000000000000000     0xfdff
 .debug_macro   0x0000000000000000       0xc2 ./FakeLibraries/buff.o
 .debug_macro   0x00000000000000c2      0xab4 ./FakeLibraries/buff.o
 .debug_macro   0x0000000000000b76       0x22 ./FakeLibraries/buff.o
 .debug_macro   0x0000000000000b98       0x8e ./FakeLibraries/buff.o
 .debug_macro   0x0000000000000c26       0x51 ./FakeLibraries/buff.o
 .debug_macro   0x0000000000000c77      0x103 ./FakeLibraries/buff.o
 .debug_macro   0x0000000000000d7a       0x6a ./FakeLibraries/buff.o
 .debug_macro   0x0000000000000de4      0x1df ./FakeLibraries/buff.o
 .debug_macro   0x0000000000000fc3       0x16 ./FakeLibraries/buff.o
 .debug_macro   0x0000000000000fd9       0x16 ./FakeLibraries/buff.o
 .debug_macro   0x0000000000000fef       0x6b ./FakeLibraries/buff.o
 .debug_macro   0x000000000000105a       0x3b ./FakeLibraries/buff.o
 .debug_macro   0x0000000000001095       0x34 ./FakeLibraries/buff.o
 .debug_macro   0x00000000000010c9       0x26 ./FakeLibraries/buff.o
 .debug_macro   0x00000000000010ef      0xe43 ./FakeLibraries/buff.o
 .debug_macro   0x0000000000001f32     0x8018 ./FakeLibraries/buff.o
 .debug_macro   0x0000000000009f4a       0x72 ./FakeLibraries/utilities.o
 .debug_macro   0x0000000000009fbc       0x10 ./FakeLibraries/utilities.o
 .debug_macro   0x0000000000009fcc      0x2f2 ./Src/main.o
 .debug_macro   0x000000000000a2be       0x7c ./Src/main.o
 .debug_macro   0x000000000000a33a      0x174 ./Src/main.o
 .debug_macro   0x000000000000a4ae       0x22 ./Src/main.o
 .debug_macro   0x000000000000a4d0      0x301 ./Src/main.o
 .debug_macro   0x000000000000a7d1      0x2b4 ./Src/main.o
 .debug_macro   0x000000000000aa85      0x36c ./Src/main.o
 .debug_macro   0x000000000000adf1       0x61 ./Src/main.o
 .debug_macro   0x000000000000ae52       0x2a ./Src/main.o
 .debug_macro   0x000000000000ae7c       0x43 ./Src/main.o
 .debug_macro   0x000000000000aebf       0x34 ./Src/main.o
 .debug_macro   0x000000000000aef3       0x16 ./Src/main.o
 .debug_macro   0x000000000000af09       0x43 ./Src/main.o
 .debug_macro   0x000000000000af4c       0x34 ./Src/main.o
 .debug_macro   0x000000000000af80       0x10 ./Src/main.o
 .debug_macro   0x000000000000af90       0x58 ./Src/main.o
 .debug_macro   0x000000000000afe8       0x8e ./Src/main.o
 .debug_macro   0x000000000000b076       0x1c ./Src/main.o
 .debug_macro   0x000000000000b092      0x177 ./Src/main.o
 .debug_macro   0x000000000000b209      0x369 ./Src/main.o
 .debug_macro   0x000000000000b572       0x10 ./Src/main.o
 .debug_macro   0x000000000000b582       0x35 ./Src/main.o
 .debug_macro   0x000000000000b5b7       0x20 ./Src/main.o
 .debug_macro   0x000000000000b5d7      0x2f4 ./Src/main.o
 .debug_macro   0x000000000000b8cb      0x64a ./Src/main.o
 .debug_macro   0x000000000000bf15       0x1c ./Src/main.o
 .debug_macro   0x000000000000bf31       0x10 ./Src/main.o
 .debug_macro   0x000000000000bf41       0x1c ./Src/main.o
 .debug_macro   0x000000000000bf5d       0x16 ./Src/main.o
 .debug_macro   0x000000000000bf73      0x147 ./Src/main.o
 .debug_macro   0x000000000000c0ba       0xff ./Src/sysmem.o
 .debug_macro   0x000000000000c1b9      0x23c ./Src/sysmem.o
 .debug_macro   0x000000000000c3f5       0xce C:\Users\USER\Downloads\FakeLibraries\libLibraries.a(system_stm32f4xx.o)
 .debug_macro   0x000000000000c4c3      0xa66 C:\Users\USER\Downloads\FakeLibraries\libLibraries.a(system_stm32f4xx.o)
 .debug_macro   0x000000000000cf29       0x22 C:\Users\USER\Downloads\FakeLibraries\libLibraries.a(system_stm32f4xx.o)
 .debug_macro   0x000000000000cf4b       0x8e C:\Users\USER\Downloads\FakeLibraries\libLibraries.a(system_stm32f4xx.o)
 .debug_macro   0x000000000000cfd9       0xef C:\Users\USER\Downloads\FakeLibraries\libLibraries.a(system_stm32f4xx.o)
 .debug_macro   0x000000000000d0c8       0xc3 C:\Users\USER\Downloads\FakeLibraries\libLibraries.a(stm32f401re_gpio.o)
 .debug_macro   0x000000000000d18b      0x2ee C:\Users\USER\Downloads\FakeLibraries\libLibraries.a(stm32f401re_gpio.o)
 .debug_macro   0x000000000000d479       0xd5 C:\Users\USER\Downloads\FakeLibraries\libLibraries.a(stm32f401re_i2c.o)
 .debug_macro   0x000000000000d54e      0x18d C:\Users\USER\Downloads\FakeLibraries\libLibraries.a(stm32f401re_rcc.o)
 .debug_macro   0x000000000000d6db      0x644 C:\Users\USER\Downloads\FakeLibraries\libLibraries.a(stm32f401re_rcc.o)
 .debug_macro   0x000000000000dd1f       0xe3 C:\Users\USER\Downloads\FakeLibraries\libLibraries.a(timer.o)
 .debug_macro   0x000000000000de02       0x1c C:\Users\USER\Downloads\FakeLibraries\libLibraries.a(timer.o)
 .debug_macro   0x000000000000de1e       0xe3 C:\Users\USER\Downloads\FakeLibraries\libLibraries.a(temhumsensor.o)
 .debug_macro   0x000000000000df01       0x76 C:\Users\USER\Downloads\FakeLibraries\libLibraries.a(temhumsensor.o)
 .debug_macro   0x000000000000df77      0x170 C:\Users\USER\Downloads\FakeLibraries\libLibraries.a(temhumsensor.o)
 .debug_macro   0x000000000000e0e7      0x2ba C:\Users\USER\Downloads\FakeLibraries\libLibraries.a(temhumsensor.o)
 .debug_macro   0x000000000000e3a1      0x10a C:\Users\USER\Downloads\FakeLibraries\libLibraries.a(serial.o)
 .debug_macro   0x000000000000e4ab      0x16a C:\Users\USER\Downloads\FakeLibraries\libLibraries.a(serial.o)
 .debug_macro   0x000000000000e615       0x1c C:\Users\USER\Downloads\FakeLibraries\libLibraries.a(serial.o)
 .debug_macro   0x000000000000e631       0x7c C:\Users\USER\Downloads\FakeLibraries\libLibraries.a(serial.o)
 .debug_macro   0x000000000000e6ad      0x223 C:\Users\USER\Downloads\FakeLibraries\libLibraries.a(serial.o)
 .debug_macro   0x000000000000e8d0      0x141 C:\Users\USER\Downloads\FakeLibraries\libLibraries.a(Ucglib.o)
 .debug_macro   0x000000000000ea11      0x174 C:\Users\USER\Downloads\FakeLibraries\libLibraries.a(Ucglib.o)
 .debug_macro   0x000000000000eb85       0x84 C:\Users\USER\Downloads\FakeLibraries\libLibraries.a(ucg_box.o)
 .debug_macro   0x000000000000ec09       0x84 C:\Users\USER\Downloads\FakeLibraries\libLibraries.a(ucg_ccs.o)
 .debug_macro   0x000000000000ec8d       0x84 C:\Users\USER\Downloads\FakeLibraries\libLibraries.a(ucg_dev_default_cb.o)
 .debug_macro   0x000000000000ed11       0x84 C:\Users\USER\Downloads\FakeLibraries\libLibraries.a(ucg_dev_ic_st7735.o)
 .debug_macro   0x000000000000ed95       0x88 C:\Users\USER\Downloads\FakeLibraries\libLibraries.a(ucg_dev_msg_api.o)
 .debug_macro   0x000000000000ee1d       0x84 C:\Users\USER\Downloads\FakeLibraries\libLibraries.a(ucg_dev_tft_128x128_st7735.o)
 .debug_macro   0x000000000000eea1      0x15a C:\Users\USER\Downloads\FakeLibraries\libLibraries.a(ucg_font.o)
 .debug_macro   0x000000000000effb       0x46 C:\Users\USER\Downloads\FakeLibraries\libLibraries.a(ucg_font.o)
 .debug_macro   0x000000000000f041       0x18 C:\Users\USER\Downloads\FakeLibraries\libLibraries.a(ucg_font.o)
 .debug_macro   0x000000000000f059       0x3c C:\Users\USER\Downloads\FakeLibraries\libLibraries.a(ucg_font.o)
 .debug_macro   0x000000000000f095       0x52 C:\Users\USER\Downloads\FakeLibraries\libLibraries.a(ucg_font.o)
 .debug_macro   0x000000000000f0e7       0x1f C:\Users\USER\Downloads\FakeLibraries\libLibraries.a(ucg_font.o)
 .debug_macro   0x000000000000f106       0x43 C:\Users\USER\Downloads\FakeLibraries\libLibraries.a(ucg_font.o)
 .debug_macro   0x000000000000f149       0x20 C:\Users\USER\Downloads\FakeLibraries\libLibraries.a(ucg_font.o)
 .debug_macro   0x000000000000f169      0x1a3 C:\Users\USER\Downloads\FakeLibraries\libLibraries.a(ucg_font.o)
 .debug_macro   0x000000000000f30c      0x330 C:\Users\USER\Downloads\FakeLibraries\libLibraries.a(ucg_font.o)
 .debug_macro   0x000000000000f63c       0x35 C:\Users\USER\Downloads\FakeLibraries\libLibraries.a(ucg_font.o)
 .debug_macro   0x000000000000f671      0x145 C:\Users\USER\Downloads\FakeLibraries\libLibraries.a(ucg_init.o)
 .debug_macro   0x000000000000f7b6       0x84 C:\Users\USER\Downloads\FakeLibraries\libLibraries.a(ucg_line.o)
 .debug_macro   0x000000000000f83a       0x84 C:\Users\USER\Downloads\FakeLibraries\libLibraries.a(ucg_pixel.o)
 .debug_macro   0x000000000000f8be       0x84 C:\Users\USER\Downloads\FakeLibraries\libLibraries.a(ucg_pixel_font_data.o)
 .debug_macro   0x000000000000f942       0xbd C:\Users\USER\Downloads\FakeLibraries\libLibraries.a(ucg_rotate.o)
 .debug_macro   0x000000000000f9ff       0xdb C:\Users\USER\Downloads\FakeLibraries\libLibraries.a(stm32f401re_usart.o)
 .debug_macro   0x000000000000fada      0x21d C:\Users\USER\Downloads\FakeLibraries\libLibraries.a(stm32f401re_usart.o)
 .debug_macro   0x000000000000fcf7       0x84 C:\Users\USER\Downloads\FakeLibraries\libLibraries.a(ucg_clip.o)
 .debug_macro   0x000000000000fd7b       0x84 C:\Users\USER\Downloads\FakeLibraries\libLibraries.a(ucg_com_msg_api.o)

.debug_line     0x0000000000000000     0xa424
 .debug_line    0x0000000000000000      0x6c6 ./FakeLibraries/buff.o
 .debug_line    0x00000000000006c6      0x5b9 ./FakeLibraries/utilities.o
 .debug_line    0x0000000000000c7f      0xb82 ./Src/main.o
 .debug_line    0x0000000000001801      0x57e ./Src/sysmem.o
 .debug_line    0x0000000000001d7f       0x7b ./Startup/startup_stm32f401retx.o
 .debug_line    0x0000000000001dfa      0x4a0 C:\Users\USER\Downloads\FakeLibraries\libLibraries.a(system_stm32f4xx.o)
 .debug_line    0x000000000000229a      0x65e C:\Users\USER\Downloads\FakeLibraries\libLibraries.a(stm32f401re_gpio.o)
 .debug_line    0x00000000000028f8      0x7f1 C:\Users\USER\Downloads\FakeLibraries\libLibraries.a(stm32f401re_i2c.o)
 .debug_line    0x00000000000030e9      0x8d2 C:\Users\USER\Downloads\FakeLibraries\libLibraries.a(stm32f401re_rcc.o)
 .debug_line    0x00000000000039bb      0x684 C:\Users\USER\Downloads\FakeLibraries\libLibraries.a(timer.o)
 .debug_line    0x000000000000403f      0x841 C:\Users\USER\Downloads\FakeLibraries\libLibraries.a(temhumsensor.o)
 .debug_line    0x0000000000004880      0x72b C:\Users\USER\Downloads\FakeLibraries\libLibraries.a(serial.o)
 .debug_line    0x0000000000004fab      0x5cd C:\Users\USER\Downloads\FakeLibraries\libLibraries.a(Ucglib.o)
 .debug_line    0x0000000000005578      0x4c6 C:\Users\USER\Downloads\FakeLibraries\libLibraries.a(ucg_box.o)